Archive member included because of file (symbol)

C:/Program Files (x86)/Rowley Associates Limited/CrossWorks for ARM 3.6/lib/libm_v7em_t_le_eabi_small.a(libm_asm.o)
                              Example THUMB Debug/gpsGP20U7.o (__aeabi_f2iz)
C:/Program Files (x86)/Rowley Associates Limited/CrossWorks for ARM 3.6/lib/libc_v7em_t_le_eabi_small.a(libc_asm.o)
                              Example THUMB Debug/RunTimeStats.o (__aeabi_ldivmod)
C:/Program Files (x86)/Rowley Associates Limited/CrossWorks for ARM 3.6/lib/libc_v7em_t_le_eabi_small.a(libc2.o)
                              Example THUMB Debug/lcd_driver.o (abs)
C:/Program Files (x86)/Rowley Associates Limited/CrossWorks for ARM 3.6/lib/libc_v7em_t_le_eabi_small.a(libc2_asm.o)
                              Example THUMB Debug/queue.o (memcpy)
C:/Program Files (x86)/Rowley Associates Limited/CrossWorks for ARM 3.6/lib/libm_v7em_t_le_eabi_small.a(libm2.o)
                              C:/Program Files (x86)/Rowley Associates Limited/CrossWorks for ARM 3.6/lib/libvfprintf_v7em_t_le_eabi_small.o (frexp)
C:/Program Files (x86)/Rowley Associates Limited/CrossWorks for ARM 3.6/lib/libm_v7em_t_le_eabi_small.a(libm2_asm.o)
                              C:/Program Files (x86)/Rowley Associates Limited/CrossWorks for ARM 3.6/lib/libm_v7em_t_le_eabi_small.a(libm2.o) (fabs)

Discarded input sections

 .group         0x00000000        0x8 Example THUMB Debug/main.o
 .group         0x00000000        0x8 Example THUMB Debug/main.o
 .group         0x00000000        0x8 Example THUMB Debug/main.o
 .group         0x00000000        0x8 Example THUMB Debug/main.o
 .group         0x00000000        0x8 Example THUMB Debug/main.o
 .group         0x00000000        0x8 Example THUMB Debug/main.o
 .group         0x00000000        0x8 Example THUMB Debug/main.o
 .group         0x00000000        0x8 Example THUMB Debug/main.o
 .group         0x00000000        0x8 Example THUMB Debug/main.o
 .group         0x00000000        0x8 Example THUMB Debug/main.o
 .group         0x00000000        0x8 Example THUMB Debug/main.o
 .group         0x00000000        0x8 Example THUMB Debug/main.o
 .group         0x00000000        0x8 Example THUMB Debug/main.o
 .group         0x00000000        0x8 Example THUMB Debug/main.o
 .group         0x00000000        0x8 Example THUMB Debug/main.o
 .group         0x00000000        0x8 Example THUMB Debug/main.o
 .group         0x00000000        0x8 Example THUMB Debug/main.o
 .group         0x00000000        0x8 Example THUMB Debug/main.o
 .group         0x00000000        0x8 Example THUMB Debug/main.o
 .group         0x00000000        0x8 Example THUMB Debug/main.o
 .group         0x00000000        0x8 Example THUMB Debug/main.o
 .group         0x00000000        0x8 Example THUMB Debug/main.o
 .group         0x00000000        0x8 Example THUMB Debug/main.o
 .group         0x00000000        0x8 Example THUMB Debug/main.o
 .group         0x00000000        0x8 Example THUMB Debug/main.o
 .group         0x00000000        0x8 Example THUMB Debug/main.o
 .group         0x00000000        0x8 Example THUMB Debug/main.o
 .group         0x00000000        0x8 Example THUMB Debug/main.o
 .group         0x00000000        0x8 Example THUMB Debug/main.o
 .group         0x00000000        0x8 Example THUMB Debug/main.o
 .group         0x00000000        0x8 Example THUMB Debug/main.o
 .group         0x00000000        0x8 Example THUMB Debug/main.o
 .group         0x00000000        0x8 Example THUMB Debug/main.o
 .group         0x00000000        0x8 Example THUMB Debug/main.o
 .group         0x00000000        0x8 Example THUMB Debug/main.o
 .group         0x00000000        0x8 Example THUMB Debug/main.o
 .group         0x00000000        0x8 Example THUMB Debug/main.o
 .group         0x00000000        0x8 Example THUMB Debug/main.o
 .group         0x00000000        0x8 Example THUMB Debug/main.o
 .group         0x00000000        0x8 Example THUMB Debug/main.o
 .group         0x00000000        0x8 Example THUMB Debug/main.o
 .group         0x00000000        0x8 Example THUMB Debug/main.o
 .group         0x00000000        0x8 Example THUMB Debug/main.o
 .group         0x00000000        0x8 Example THUMB Debug/main.o
 .group         0x00000000        0x8 Example THUMB Debug/main.o
 .group         0x00000000        0x8 Example THUMB Debug/main.o
 .text          0x00000000        0x0 Example THUMB Debug/main.o
 .data          0x00000000        0x0 Example THUMB Debug/main.o
 .bss           0x00000000        0x0 Example THUMB Debug/main.o
 .group         0x00000000        0x8 Example THUMB Debug/adc.o
 .group         0x00000000        0x8 Example THUMB Debug/adc.o
 .group         0x00000000        0x8 Example THUMB Debug/adc.o
 .group         0x00000000        0x8 Example THUMB Debug/adc.o
 .group         0x00000000        0x8 Example THUMB Debug/adc.o
 .group         0x00000000        0x8 Example THUMB Debug/adc.o
 .group         0x00000000        0x8 Example THUMB Debug/adc.o
[...]
Memory Configuration

Name             Origin             Length             Attributes
UNPLACED_SECTIONS 0xffffffff         0x00000000         xw
PPB              0xe0000000         0x00100000         xw
PERIPHERALS      0x40000000         0x00100000         xw
SRAM             0x20000000         0x00008000         xw
FLASH            0x00000000         0x00040000         xr
*default*        0x00000000         0xffffffff

Linker script and memory map

                0x0000c474                __vfprintf = __vfprintf_long
                0x00000000                __vfscanf = __vfscanf_long_cc
                0xe0000000                __PPB_segment_start__ = 0xe0000000
                0xe0100000                __PPB_segment_end__ = 0xe0100000
                0x00100000                __PPB_segment_size__ = 0x100000
                0x40000000                __PERIPHERALS_segment_start__ = 0x40000000
                0x40100000                __PERIPHERALS_segment_end__ = 0x40100000
                0x00100000                __PERIPHERALS_segment_size__ = 0x100000
                0x20000000                __SRAM_segment_start__ = 0x20000000
                0x20008000                __SRAM_segment_end__ = 0x20008000
                0x00008000                __SRAM_segment_size__ = 0x8000
                0x00000000                __FLASH_segment_start__ = 0x0
                0x00040000                __FLASH_segment_end__ = 0x40000
                0x00040000                __FLASH_segment_size__ = 0x40000
                0x00000000                __HEAPSIZE__ = 0x0
                0x00000000                __STACKSIZE_ABT__ = 0x0
                0x00000000                __STACKSIZE_FIQ__ = 0x0
                0x00000000                __STACKSIZE_IRQ__ = 0x0
                0x00000000                __STACKSIZE_PROCESS__ = 0x0
                0x00000000                __STACKSIZE_SVC__ = 0x0
                0x00000000                __STACKSIZE_UND__ = 0x0
                0x00001000                __STACKSIZE__ = 0x1000
                0x20000000                __vectors_ram_load_start__ = ALIGN (__SRAM_segment_start__, 0x100)

.vectors_ram    0x20000000        0x0
                0x20000000                __vectors_ram_start__ = .
 *(.vectors_ram .vectors_ram.*)
                0x20000000                __vectors_ram_end__ = (__vectors_ram_start__ + SIZEOF (.vectors_ram))
                0x00000000                __vectors_ram_size__ = SIZEOF (.vectors_ram)
                0x20000000                __vectors_ram_load_end__ = __vectors_ram_end__
                0x00000001                . = ASSERT (((__vectors_ram_start__ == __vectors_ram_end__) || ((__vectors_ram_end__ >= __SRAM_segment_start__) && (__vectors_ram_end__ <= __SRAM_segment_end__))), error: .vectors_ram is too large to fit in SRAM memory segment)
                0x00000000                __vectors_load_start__ = ALIGN (__FLASH_segment_start__, 0x100)

.vectors        0x00000000      0x26c
                0x00000000                __vectors_start__ = .
 *(.vectors .vectors.*)
 .vectors       0x00000000      0x26c Example THUMB Debug/TIVA_Startup.o
                0x00000000                _vectors
                0x0000026c                __vectors_end__ = (__vectors_start__ + SIZEOF (.vectors))
                0x0000026c                __vectors_size__ = SIZEOF (.vectors)
                0x0000026c                __vectors_load_end__ = __vectors_end__
                0x00000001                . = ASSERT (((__vectors_start__ == __vectors_end__) || ((__vectors_end__ >= __FLASH_segment_start__) && (__vectors_end__ <= __FLASH_segment_end__))), error: .vectors is too large to fit in FLASH memory segment)
                0x0000026c                __init_load_start__ = ALIGN (__vectors_end__, 0x4)

.init           0x0000026c      0x25c
                0x0000026c                __init_start__ = .
 *(.init .init.*)
 .init          0x0000026c      0x158 Example THUMB Debug/thumb_crt0.o
                0x0000026c                _start
                0x0000031e                exit
 .init          0x000003c4      0x104 Example THUMB Debug/TIVA_Startup.o
                0x000003c4                NMI_Handler
                0x000003c6                HardFault_Handler
                0x000003c8                MemManage_Handler
                0x000003ca                BusFault_Handler
                0x000003cc                UsageFault_Handler
                0x000003d0                DebugMon_Handler
                0x000003d4                SysTick_Handler
                0x000003d6                GPIOA_IRQHandler
                0x000003d8                GPIOB_IRQHandler
                0x000003da                GPIOC_IRQHandler
                0x000003dc                GPIOD_IRQHandler
                0x000003de                GPIOE_IRQHandler
                0x000003e4                SSI0_IRQHandler
                0x000003e6                I2C0_IRQHandler
                0x000003e8                PWM0_FAULT_IRQHandler
                0x000003ea                PWM0_0_IRQHandler
                0x000003ec                PWM0_1_IRQHandler
                0x000003ee                PWM0_2_IRQHandler
                0x000003f0                QEI0_IRQHandler
                0x000003f2                ADC0SS0_IRQHandler
                0x000003f4                ADC0SS1_IRQHandler
                0x000003f6                ADC0SS2_IRQHandler
                0x000003f8                ADC0SS3_IRQHandler
                0x000003fa                WATCHDOG0_IRQHandler
                0x000003fe                TIMER0B_IRQHandler
                0x00000402                TIMER1B_IRQHandler
                0x00000404                TIMER2A_IRQHandler
                0x00000406                TIMER2B_IRQHandler
                0x00000408                COMP0_IRQHandler
                0x0000040a                COMP1_IRQHandler
                0x0000040c                COMP2_IRQHandler
                0x0000040e                SYSCTL_IRQHandler
                0x00000410                FLASH_CTRL_IRQHandler
                0x00000412                GPIOF_IRQHandler
                0x00000414                GPIOG_IRQHandler
                0x00000416                GPIOH_IRQHandler
                0x00000418                UART2_IRQHandler
                0x0000041a                SSI1_IRQHandler
                0x0000041c                TIMER3A_IRQHandler
                0x0000041e                TIMER3B_IRQHandler
                0x00000420                I2C1_IRQHandler
                0x00000422                QEI1_IRQHandler
                0x00000424                CAN0_IRQHandler
                0x00000426                CAN1_IRQHandler
                0x00000428                HIB_IRQHandler
                0x0000042a                USB0_IRQHandler
                0x0000042c                PWM0_3_IRQHandler
                0x0000042e                UDMA_IRQHandler
                0x00000430                UDMAERR_IRQHandler
                0x00000432                ADC1SS0_IRQHandler
                0x00000434                ADC1SS1_IRQHandler
                0x00000436                ADC1SS2_IRQHandler
                0x00000438                ADC1SS3_IRQHandler
                0x0000043a                GPIOJ_IRQHandler
                0x0000043c                GPIOK_IRQHandler
                0x0000043e                GPIOL_IRQHandler
                0x00000440                SSI2_IRQHandler
                0x00000442                SSI3_IRQHandler
                0x00000444                UART3_IRQHandler
                0x00000446                UART4_IRQHandler
                0x00000448                UART5_IRQHandler
                0x0000044a                UART6_IRQHandler
                0x0000044c                UART7_IRQHandler
                0x0000044e                I2C2_IRQHandler
                0x00000450                I2C3_IRQHandler
                0x00000452                TIMER4A_IRQHandler
                0x00000454                TIMER4B_IRQHandler
                0x00000456                TIMER5A_IRQHandler
                0x00000458                TIMER5B_IRQHandler
                0x0000045a                WTIMER0A_IRQHandler
                0x0000045c                WTIMER0B_IRQHandler
                0x0000045e                WTIMER1A_IRQHandler
                0x00000460                WTIMER1B_IRQHandler
                0x00000462                WTIMER2A_IRQHandler
                0x00000464                WTIMER2B_IRQHandler
                0x00000466                WTIMER3A_IRQHandler
                0x00000468                WTIMER3B_IRQHandler
                0x0000046a                WTIMER4A_IRQHandler
                0x0000046c                WTIMER4B_IRQHandler
                0x0000046e                WTIMER5A_IRQHandler
                0x00000470                WTIMER5B_IRQHandler
                0x00000472                SYSEXC_IRQHandler
                0x00000474                I2C4_IRQHandler
                0x00000476                I2C5_IRQHandler
                0x00000478                GPIOM_IRQHandler
                0x0000047a                GPION_IRQHandler
                0x0000047c                GPIOP0_IRQHandler
                0x0000047e                GPIOP1_IRQHandler
                0x00000480                GPIOP2_IRQHandler
                0x00000482                GPIOP3_IRQHandler
                0x00000484                GPIOP4_IRQHandler
                0x00000486                GPIOP5_IRQHandler
                0x00000488                GPIOP6_IRQHandler
                0x0000048a                GPIOP7_IRQHandler
                0x0000048c                GPIOQ0_IRQHandler
                0x0000048e                GPIOQ1_IRQHandler
                0x00000490                GPIOQ2_IRQHandler
                0x00000492                GPIOQ3_IRQHandler
                0x00000494                GPIOQ4_IRQHandler
                0x00000496                GPIOQ5_IRQHandler
                0x00000498                GPIOQ6_IRQHandler
                0x0000049a                GPIOQ7_IRQHandler
                0x0000049c                PWM1_0_IRQHandler
                0x0000049e                PWM1_1_IRQHandler
                0x000004a0                PWM1_2_IRQHandler
                0x000004a2                PWM1_3_IRQHandler
                0x000004a4                PWM1_FAULT_IRQHandler
                0x000004a6                reset_handler
                0x000004c8                __init_end__ = (__init_start__ + SIZEOF (.init))
                0x0000025c                __init_size__ = SIZEOF (.init)
                0x000004c8                __init_load_end__ = __init_end__
                0x00000001                . = ASSERT (((__init_start__ == __init_end__) || ((__init_end__ >= __FLASH_segment_start__) && (__init_end__ <= __FLASH_segment_end__))), error: .init is too large to fit in FLASH memory segment)
                0x000004c8                __init_rodata_load_start__ = ALIGN (__init_end__, 0x4)

.init_rodata    0x000004c8        0x0
                0x000004c8                __init_rodata_start__ = .
 *(.init_rodata .init_rodata.*)
                0x000004c8                __init_rodata_end__ = (__init_rodata_start__ + SIZEOF (.init_rodata))
                0x00000000                __init_rodata_size__ = SIZEOF (.init_rodata)
                0x000004c8                __init_rodata_load_end__ = __init_rodata_end__
                0x00000001                . = ASSERT (((__init_rodata_start__ == __init_rodata_end__) || ((__init_rodata_end__ >= __FLASH_segment_start__) && (__init_rodata_end__ <= __FLASH_segment_end__))), error: .init_rodata is too large to fit in FLASH memory segment)
                0x000004c8                __text_load_start__ = ALIGN (__init_rodata_end__, 0x4)

.text           0x000004c8     0xc410
                0x000004c8                __text_start__ = .
 *(.text .text.* .glue_7t .glue_7 .gnu.linkonce.t.* .gcc_except_table .ARM.extab* .gnu.linkonce.armextab.*)
 .glue_7        0x00000000        0x0 linker stubs
 .glue_7t       0x00000000        0x0 linker stubs
 .text.__error__
                0x000004c8       0x14 Example THUMB Debug/main.o
                0x000004c8                __error__
 .text.main     0x000004dc       0x60 Example THUMB Debug/main.o
                0x000004dc                main
 .text.vApplicationMallocFailedHook
                0x0000053c        0x8 Example THUMB Debug/main.o
                0x0000053c                vApplicationMallocFailedHook
 .text.vApplicationStackOverflowHook
                0x00000544        0xc Example THUMB Debug/main.o
                0x00000544                vApplicationStackOverflowHook
 .text.CPUcpsie
                0x00000550       0x10 Example THUMB Debug/cpu.o
                0x00000550                CPUcpsie
 .text._GPIOBaseValid
                0x00000560      0x160 Example THUMB Debug/gpio.o
 .text._GPIOIntNumberGet
                0x000006c0       0x94 Example THUMB Debug/gpio.o
 .text.GPIODirModeSet
                0x00000754       0xb0 Example THUMB Debug/gpio.o
                0x00000754                GPIODirModeSet
 .text.GPIOIntTypeSet
                0x00000804      0x11c Example THUMB Debug/gpio.o
                0x00000804                GPIOIntTypeSet
 .text.GPIOPadConfigSet
                0x00000920      0x348 Example THUMB Debug/gpio.o
                0x00000920                GPIOPadConfigSet
 .text.GPIOIntEnable
                0x00000c68       0x48 Example THUMB Debug/gpio.o
                0x00000c68                GPIOIntEnable
 .text.GPIOIntDisable
                0x00000cb0       0x48 Example THUMB Debug/gpio.o
                0x00000cb0                GPIOIntDisable
 .text.GPIOIntStatus
                0x00000cf8       0x4c Example THUMB Debug/gpio.o
                0x00000cf8                GPIOIntStatus
 .text.GPIOIntClear
                0x00000d44       0x3c Example THUMB Debug/gpio.o
                0x00000d44                GPIOIntClear
 .text.GPIOIntRegister
                0x00000d80       0x58 Example THUMB Debug/gpio.o
                0x00000d80                GPIOIntRegister
 .text.GPIOPinRead
                0x00000dd8       0x40 Example THUMB Debug/gpio.o
                0x00000dd8                GPIOPinRead
 .text.GPIOPinWrite
                0x00000e18       0x48 Example THUMB Debug/gpio.o
                0x00000e18                GPIOPinWrite
 .text.GPIOPinTypeGPIOInput
                0x00000e60       0x4c Example THUMB Debug/gpio.o
                0x00000e60                GPIOPinTypeGPIOInput
 .text.GPIOPinTypeGPIOOutput
                0x00000eac       0x4c Example THUMB Debug/gpio.o
                0x00000eac                GPIOPinTypeGPIOOutput
 .text.GPIOPinTypeSSI
                0x00000ef8       0x4c Example THUMB Debug/gpio.o
                0x00000ef8                GPIOPinTypeSSI
 .text.GPIOPinTypeUART
                0x00000f44       0x4c Example THUMB Debug/gpio.o
                0x00000f44                GPIOPinTypeUART
 .text.GPIOPinConfigure
                0x00000f90       0xb0 Example THUMB Debug/gpio.o
                0x00000f90                GPIOPinConfigure
 .text.IntMasterEnable
                0x00001040       0x18 Example THUMB Debug/interrupt.o
                0x00001040                IntMasterEnable
 .text.IntRegister
                0x00001058       0x74 Example THUMB Debug/interrupt.o
                0x00001058                IntRegister
 .text.IntPrioritySet
                0x000010cc       0x7c Example THUMB Debug/interrupt.o
                0x000010cc                IntPrioritySet
 .text.IntEnable
                0x00001148       0xa4 Example THUMB Debug/interrupt.o
                0x00001148                IntEnable
 .text._SSIBaseValid
                0x000011ec       0x50 Example THUMB Debug/ssi.o
 .text.SSIConfigSetExpClk
                0x0000123c      0x140 Example THUMB Debug/ssi.o
                0x0000123c                SSIConfigSetExpClk
 .text.SSIEnable
                0x0000137c       0x40 Example THUMB Debug/ssi.o
                0x0000137c                SSIEnable
 .text.SSIDisable
                0x000013bc       0x40 Example THUMB Debug/ssi.o
                0x000013bc                SSIDisable
 .text.SSIIntClear
                0x000013fc       0x3c Example THUMB Debug/ssi.o
                0x000013fc                SSIIntClear
 .text.SSIDataPut
                0x00001438       0x6c Example THUMB Debug/ssi.o
                0x00001438                SSIDataPut
 .text.SSIDataGet
                0x000014a4       0x4c Example THUMB Debug/ssi.o
                0x000014a4                SSIDataGet
 .text.SSIBusy  0x000014f0       0x44 Example THUMB Debug/ssi.o
                0x000014f0                SSIBusy
 .text._SysCtlPeripheralValid
                0x00001534      0x434 Example THUMB Debug/sysctl.o
 .text.SysCtlPeripheralEnable
                0x00001968       0x68 Example THUMB Debug/sysctl.o
                0x00001968                SysCtlPeripheralEnable
 .text.SysCtlDelay
                0x000019d0        0x8 Example THUMB Debug/sysctl.o
                0x000019d0                SysCtlDelay
 .text.SysCtlClockSet
                0x000019d8      0x1f4 Example THUMB Debug/sysctl.o
                0x000019d8                SysCtlClockSet
 .text.SysCtlClockGet
                0x00001bcc      0x228 Example THUMB Debug/sysctl.o
                0x00001bcc                SysCtlClockGet
 .text.SysTickEnable
                0x00001df4       0x1c Example THUMB Debug/systick.o
                0x00001df4                SysTickEnable
 .text.SysTickDisable
                0x00001e10       0x1c Example THUMB Debug/systick.o
                0x00001e10                SysTickDisable
 .text.SysTickIntRegister
                0x00001e2c       0x28 Example THUMB Debug/systick.o
                0x00001e2c                SysTickIntRegister
 .text.SysTickIntEnable
                0x00001e54       0x1c Example THUMB Debug/systick.o
                0x00001e54                SysTickIntEnable
 .text.SysTickPeriodSet
                0x00001e70       0x34 Example THUMB Debug/systick.o
                0x00001e70                SysTickPeriodSet
 .text.SysTickValueGet
                0x00001ea4       0x18 Example THUMB Debug/systick.o
                0x00001ea4                SysTickValueGet
 .text._TimerBaseValid
                0x00001ebc       0xc8 Example THUMB Debug/timer.o
 .text.TimerEnable
                0x00001f84       0x68 Example THUMB Debug/timer.o
                0x00001f84                TimerEnable
 .text.TimerConfigure
                0x00001fec      0x1c4 Example THUMB Debug/timer.o
                0x00001fec                TimerConfigure
 .text.TimerLoadSet
                0x000021b0       0x7c Example THUMB Debug/timer.o
                0x000021b0                TimerLoadSet
 .text.TimerIntEnable
                0x0000222c       0x44 Example THUMB Debug/timer.o
                0x0000222c                TimerIntEnable
 .text.TimerIntClear
                0x00002270       0x3c Example THUMB Debug/timer.o
                0x00002270                TimerIntClear
 .text._UARTBaseValid
                0x000022ac       0x80 Example THUMB Debug/uart.o
 .text.UARTFIFOLevelSet
                0x0000232c       0x90 Example THUMB Debug/uart.o
                0x0000232c                UARTFIFOLevelSet
 .text.UARTConfigSetExpClk
                0x000023bc       0xd8 Example THUMB Debug/uart.o
                0x000023bc                UARTConfigSetExpClk
 .text.UARTEnable
                0x00002494       0x58 Example THUMB Debug/uart.o
                0x00002494                UARTEnable
 .text.UARTDisable
                0x000024ec       0x68 Example THUMB Debug/uart.o
                0x000024ec                UARTDisable
 .text.UARTFIFODisable
                0x00002554       0x40 Example THUMB Debug/uart.o
                0x00002554                UARTFIFODisable
 .text.UARTCharsAvail
                0x00002594       0x44 Example THUMB Debug/uart.o
                0x00002594                UARTCharsAvail
 .text.UARTCharGet
                0x000025d8       0x44 Example THUMB Debug/uart.o
                0x000025d8                UARTCharGet
 .text.UARTCharPut
                0x0000261c       0x48 Example THUMB Debug/uart.o
                0x0000261c                UARTCharPut
 .text.UARTIntEnable
                0x00002664       0x44 Example THUMB Debug/uart.o
                0x00002664                UARTIntEnable
 .text.UARTIntStatus
                0x000026a8       0x48 Example THUMB Debug/uart.o
                0x000026a8                UARTIntStatus
 .text.UARTIntClear
                0x000026f0       0x3c Example THUMB Debug/uart.o
                0x000026f0                UARTIntClear
 .text.__aeabi_read_tp
                0x0000272c        0x8 Example THUMB Debug/thumb_crt0.o
                0x0000272c                __aeabi_read_tp
 .text.__printf_lock
                0x00002734        0x2 Example THUMB Debug/thumb_crt0.o
                0x00002734                __printf_lock
 .text.__printf_unlock
                0x00002736        0x2 Example THUMB Debug/thumb_crt0.o
                0x00002736                __printf_unlock
 .text.__putchar
                0x00002738        0x8 Example THUMB Debug/thumb_crt0.o
                0x00002738                __putchar
 .text.SystemInit
                0x00002740       0xb8 Example THUMB Debug/system_TM4C123.o
                0x00002740                SystemInit
 .text.GPIO_init
                0x000027f8       0x80 Example THUMB Debug/gpio_driver.o
                0x000027f8                GPIO_init
 .text.Button_init
                0x00002878       0xbc Example THUMB Debug/gpio_driver.o
                0x00002878                Button_init
 .text.ExternalButton_init
                0x00002934       0x70 Example THUMB Debug/gpio_driver.o
                0x00002934                ExternalButton_init
 .text.ExternalButton_ISR
                0x000029a4       0xc0 Example THUMB Debug/gpio_driver.o
                0x000029a4                ExternalButton_ISR
 .text.Button_ISR
                0x00002a64       0x84 Example THUMB Debug/gpio_driver.o
                0x00002a64                Button_ISR
 .text.LED_SetRed
                0x00002ae8       0x14 Example THUMB Debug/gpio_driver.o
                0x00002ae8                LED_SetRed
 .text.LED_ClearGreen
                0x00002afc       0x14 Example THUMB Debug/gpio_driver.o
                0x00002afc                LED_ClearGreen
 .text.LED_ClearBlue
                0x00002b10       0x14 Example THUMB Debug/gpio_driver.o
                0x00002b10                LED_ClearBlue
 .text.LED_DisplayRed
                0x00002b24       0x14 Example THUMB Debug/gpio_driver.o
                0x00002b24                LED_DisplayRed
 .text.LED_DisplayGreen
                0x00002b38       0x14 Example THUMB Debug/gpio_driver.o
                0x00002b38                LED_DisplayGreen
 .text.LED_DisplayBlue
                0x00002b4c       0x14 Example THUMB Debug/gpio_driver.o
                0x00002b4c                LED_DisplayBlue
 .text.LED_DisplayWhite
                0x00002b60       0x14 Example THUMB Debug/gpio_driver.o
                0x00002b60                LED_DisplayWhite
 .text.LED_DisplayNone
                0x00002b74       0x14 Example THUMB Debug/gpio_driver.o
                0x00002b74                LED_DisplayNone
 .text.LED_DisplayPurple
                0x00002b88       0x14 Example THUMB Debug/gpio_driver.o
                0x00002b88                LED_DisplayPurple
 .text.LED_DisplayYellow
                0x00002b9c       0x14 Example THUMB Debug/gpio_driver.o
                0x00002b9c                LED_DisplayYellow
 .text.uart0_init
                0x00002bb0       0xac Example THUMB Debug/uart_driver.o
                0x00002bb0                uart0_init
 .text.uart1_init
                0x00002c5c       0xb4 Example THUMB Debug/uart_driver.o
                0x00002c5c                uart1_init
 .text.uart_print
                0x00002d10       0x60 Example THUMB Debug/uart_driver.o
                0x00002d10                uart_print
 .text.uart_printArray
                0x00002d70       0x60 Example THUMB Debug/uart_driver.o
                0x00002d70                uart_printArray
 .text.UART0_IRQHandler
                0x00002dd0        0xc Example THUMB Debug/uart_driver.o
                0x00002dd0                UART0_IRQHandler
 .text.UART1_IRQHandler
                0x00002ddc        0xc Example THUMB Debug/uart_driver.o
                0x00002ddc                UART1_IRQHandler
 .text.uart0_interruptHandler
                0x00002de8       0xfc Example THUMB Debug/uart_driver.o
                0x00002de8                uart0_interruptHandler
 .text.uart1_interruptHandler
                0x00002ee4       0xfc Example THUMB Debug/uart_driver.o
                0x00002ee4                uart1_interruptHandler
 .text.uart_processCommand
                0x00002fe0      0x100 Example THUMB Debug/uart_driver.o
                0x00002fe0                uart_processCommand
 .text.SPI_init
                0x000030e0       0xd8 Example THUMB Debug/spi_driver.o
                0x000030e0                SPI_init
 .text.SPI_SetSpeedHz
                0x000031b8       0x50 Example THUMB Debug/spi_driver.o
                0x000031b8                SPI_SetSpeedHz
 .text.Timer_init
                0x00003208       0x68 Example THUMB Debug/timer_driver.o
                0x00003208                Timer_init
 .text.Timer_ISR
                0x00003270       0x20 Example THUMB Debug/timer_driver.o
                0x00003270                Timer_ISR
 .text.Timer_SetTimer1
                0x00003290       0x1c Example THUMB Debug/timer_driver.o
                0x00003290                Timer_SetTimer1
 .text.TIMER1A_IRQHandler
                0x000032ac        0xc Example THUMB Debug/timer_driver.o
                0x000032ac                TIMER1A_IRQHandler
 .text.pxPortInitialiseStack
                0x000032b8       0x5c Example THUMB Debug/port.o
                0x000032b8                pxPortInitialiseStack
 .text.prvTaskExitError
                0x00003314       0x1c Example THUMB Debug/port.o
 .text.SVC_Handler
                0x00003330       0x24 Example THUMB Debug/port.o
                0x00003330                SVC_Handler
 .text.prvPortStartFirstTask
                0x00003354       0x20 Example THUMB Debug/port.o
 .text.xPortStartScheduler
                0x00003374       0x3c Example THUMB Debug/port.o
                0x00003374                xPortStartScheduler
 .text.vPortEnterCritical
                0x000033b0       0x30 Example THUMB Debug/port.o
                0x000033b0                vPortEnterCritical
 .text.vPortExitCritical
                0x000033e0       0x30 Example THUMB Debug/port.o
                0x000033e0                vPortExitCritical
 .text.PendSV_Handler
                0x00003410       0x44 Example THUMB Debug/port.o
                0x00003410                PendSV_Handler
 .text.xPortSysTickHandler
                0x00003454       0x40 Example THUMB Debug/port.o
                0x00003454                xPortSysTickHandler
 .text.vPortSetupTimerInterrupt
                0x00003494       0x24 Example THUMB Debug/port.o
                0x00003494                vPortSetupTimerInterrupt
 .text.vListInitialise
                0x000034b8       0x40 Example THUMB Debug/list.o
                0x000034b8                vListInitialise
 .text.vListInitialiseItem
                0x000034f8       0x18 Example THUMB Debug/list.o
                0x000034f8                vListInitialiseItem
 .text.vListInsertEnd
                0x00003510       0x48 Example THUMB Debug/list.o
                0x00003510                vListInsertEnd
 .text.vListInsert
                0x00003558       0x70 Example THUMB Debug/list.o
                0x00003558                vListInsert
 .text.uxListRemove
                0x000035c8       0x54 Example THUMB Debug/list.o
                0x000035c8                uxListRemove
 .text.xQueueGenericReset
                0x0000361c       0xb4 Example THUMB Debug/queue.o
                0x0000361c                xQueueGenericReset
 .text.xQueueGenericCreate
                0x000036d0       0x58 Example THUMB Debug/queue.o
                0x000036d0                xQueueGenericCreate
 .text.prvInitialiseNewQueue
                0x00003728       0x44 Example THUMB Debug/queue.o
 .text.xQueueGenericSendFromISR
                0x0000376c       0xb4 Example THUMB Debug/queue.o
                0x0000376c                xQueueGenericSendFromISR
 .text.xQueueGenericReceive
                0x00003820      0x1b8 Example THUMB Debug/queue.o
                0x00003820                xQueueGenericReceive
 .text.prvCopyDataToQueue
                0x000039d8       0xd8 Example THUMB Debug/queue.o
 .text.prvCopyDataFromQueue
                0x00003ab0       0x4c Example THUMB Debug/queue.o
 .text.prvUnlockQueue
                0x00003afc       0xa4 Example THUMB Debug/queue.o
 .text.prvIsQueueEmpty
                0x00003ba0       0x2c Example THUMB Debug/queue.o
 .text.xTaskCreate
                0x00003bcc       0x84 Example THUMB Debug/tasks.o
                0x00003bcc                xTaskCreate
 .text.prvInitialiseNewTask
                0x00003c50       0xf4 Example THUMB Debug/tasks.o
 .text.prvAddNewTaskToReadyList
                0x00003d44       0xe0 Example THUMB Debug/tasks.o
 .text.vTaskDelay
                0x00003e24       0x44 Example THUMB Debug/tasks.o
                0x00003e24                vTaskDelay
 .text.eTaskGetState
                0x00003e68       0x98 Example THUMB Debug/tasks.o
                0x00003e68                eTaskGetState
 .text.vTaskStartScheduler
                0x00003f00       0x70 Example THUMB Debug/tasks.o
                0x00003f00                vTaskStartScheduler
 .text.vTaskSuspendAll
                0x00003f70       0x1c Example THUMB Debug/tasks.o
                0x00003f70                vTaskSuspendAll
 .text.xTaskResumeAll
                0x00003f8c      0x120 Example THUMB Debug/tasks.o
                0x00003f8c                xTaskResumeAll
 .text.uxTaskGetSystemState
                0x000040ac      0x124 Example THUMB Debug/tasks.o
                0x000040ac                uxTaskGetSystemState
 .text.xTaskIncrementTick
                0x000041d0      0x15c Example THUMB Debug/tasks.o
                0x000041d0                xTaskIncrementTick
 .text.vTaskSwitchContext
                0x0000432c       0xe4 Example THUMB Debug/tasks.o
                0x0000432c                vTaskSwitchContext
 .text.vTaskPlaceOnEventList
                0x00004410       0x2c Example THUMB Debug/tasks.o
                0x00004410                vTaskPlaceOnEventList
 .text.xTaskRemoveFromEventList
                0x0000443c       0xac Example THUMB Debug/tasks.o
                0x0000443c                xTaskRemoveFromEventList
 .text.vTaskSetTimeOutState
                0x000044e8       0x2c Example THUMB Debug/tasks.o
                0x000044e8                vTaskSetTimeOutState
 .text.xTaskCheckForTimeOut
                0x00004514       0x88 Example THUMB Debug/tasks.o
                0x00004514                xTaskCheckForTimeOut
 .text.vTaskMissedYield
                0x0000459c       0x18 Example THUMB Debug/tasks.o
                0x0000459c                vTaskMissedYield
 .text.prvIdleTask
                0x000045b4       0x30 Example THUMB Debug/tasks.o
 .text.prvInitialiseTaskLists
                0x000045e4       0x7c Example THUMB Debug/tasks.o
 .text.prvCheckTasksWaitingTermination
                0x00004660       0x74 Example THUMB Debug/tasks.o
 .text.vTaskGetInfo
                0x000046d4       0xbc Example THUMB Debug/tasks.o
                0x000046d4                vTaskGetInfo
 .text.prvListTasksWithinSingleList
                0x00004790       0xa8 Example THUMB Debug/tasks.o
 .text.prvTaskCheckFreeStackSpace
                0x00004838       0x38 Example THUMB Debug/tasks.o
 .text.prvDeleteTCB
                0x00004870       0x20 Example THUMB Debug/tasks.o
 .text.prvResetNextTaskUnblockTime
                0x00004890       0x48 Example THUMB Debug/tasks.o
 .text.vTaskPriorityInherit
                0x000048d8       0xf0 Example THUMB Debug/tasks.o
                0x000048d8                vTaskPriorityInherit
 .text.xTaskPriorityDisinherit
                0x000049c8       0xcc Example THUMB Debug/tasks.o
                0x000049c8                xTaskPriorityDisinherit
 .text.prvWriteNameToBuffer
                0x00004a94       0x4c Example THUMB Debug/tasks.o
 .text.vTaskList
                0x00004ae0      0x128 Example THUMB Debug/tasks.o
                0x00004ae0                vTaskList
 .text.vTaskGetRunTimeStats
                0x00004c08      0x10c Example THUMB Debug/tasks.o
                0x00004c08                vTaskGetRunTimeStats
 .text.pvTaskIncrementMutexHeldCount
                0x00004d14       0x28 Example THUMB Debug/tasks.o
                0x00004d14                pvTaskIncrementMutexHeldCount
 .text.prvAddCurrentTaskToDelayedList
                0x00004d3c       0xc8 Example THUMB Debug/tasks.o
 .text.FreeRTOSTick_Init
                0x00004e04       0x60 Example THUMB Debug/FreeRTOSTick.o
                0x00004e04                FreeRTOSTick_Init
 .text.FreeRTOSTick_ISR
                0x00004e64       0x18 Example THUMB Debug/FreeRTOSTick.o
                0x00004e64                FreeRTOSTick_ISR
 .text.TIMER0A_IRQHandler
                0x00004e7c        0xc Example THUMB Debug/FreeRTOSTick.o
                0x00004e7c                TIMER0A_IRQHandler
 .text.pvPortMalloc
                0x00004e88       0x94 Example THUMB Debug/heap_1.o
                0x00004e88                pvPortMalloc
 .text.vPortFree
                0x00004f1c       0x14 Example THUMB Debug/heap_1.o
                0x00004f1c                vPortFree
 .text.xPortGetFreeHeapSize
                0x00004f30       0x1c Example THUMB Debug/heap_1.o
                0x00004f30                xPortGetFreeHeapSize
 .text.SysTickValueSet
                0x00004f4c       0x3c Example THUMB Debug/RunTimeStats.o
                0x00004f4c                SysTickValueSet
 .text.RunTimeStatsInt
                0x00004f88        0xc Example THUMB Debug/RunTimeStats.o
                0x00004f88                RunTimeStatsInt
 .text.RunTimeStats_Init
                0x00004f94       0x2c Example THUMB Debug/RunTimeStats.o
                0x00004f94                RunTimeStats_Init
 .text.vConfigureTimerForRunTimeStats
                0x00004fc0       0x34 Example THUMB Debug/RunTimeStats.o
                0x00004fc0                vConfigureTimerForRunTimeStats
 .text.ulGetRunTimeCounterValue
                0x00004ff4       0x44 Example THUMB Debug/RunTimeStats.o
                0x00004ff4                ulGetRunTimeCounterValue
 .text.LedTask_Init
                0x00005038       0x40 Example THUMB Debug/LedTask.o
                0x00005038                LedTask_Init
 .text.LedTask  0x00005078       0x80 Example THUMB Debug/LedTask.o
                0x00005078                LedTask
 .text.ComTask_Init
                0x000050f8       0x68 Example THUMB Debug/ComTask.o
                0x000050f8                ComTask_Init
 .text.ComTask  0x00005160       0x60 Example THUMB Debug/ComTask.o
                0x00005160                ComTask
 .text.ButtonTask_Init
                0x000051c0       0x40 Example THUMB Debug/ButtonTask.o
                0x000051c0                ButtonTask_Init
 .text.ButtonTask
                0x00005200      0x150 Example THUMB Debug/ButtonTask.o
                0x00005200                ButtonTask
 .text.ButtonTask_GetStats
                0x00005350       0x58 Example THUMB Debug/ButtonTask.o
                0x00005350                ButtonTask_GetStats
 .text.ButtonTask_ClearStats
                0x000053a8       0x40 Example THUMB Debug/ButtonTask.o
                0x000053a8                ButtonTask_ClearStats
 .text.DisplayTask_Init
                0x000053e8       0x64 Example THUMB Debug/DisplayTask.o
                0x000053e8                DisplayTask_Init
 .text.DisplayTask_SetDisplayItem
                0x0000544c       0x20 Example THUMB Debug/DisplayTask.o
                0x0000544c                DisplayTask_SetDisplayItem
 .text.DisplayTask_GetDisplayItem
                0x0000546c       0x18 Example THUMB Debug/DisplayTask.o
                0x0000546c                DisplayTask_GetDisplayItem
 .text.DisplayTask_DisableDataLog
                0x00005484       0x18 Example THUMB Debug/DisplayTask.o
                0x00005484                DisplayTask_DisableDataLog
 .text.DisplayTask_SetDataLog
                0x0000549c       0x2c Example THUMB Debug/DisplayTask.o
                0x0000549c                DisplayTask_SetDataLog
 .text.DisplayTask_GetDataLogState
                0x000054c8       0x18 Example THUMB Debug/DisplayTask.o
                0x000054c8                DisplayTask_GetDataLogState
 .text.DisplayTask_DataLogIndexGetCurrent
                0x000054e0       0x58 Example THUMB Debug/DisplayTask.o
                0x000054e0                DisplayTask_DataLogIndexGetCurrent
 .text.DisplayTask_DataLogIndexIncrease
                0x00005538       0x74 Example THUMB Debug/DisplayTask.o
                0x00005538                DisplayTask_DataLogIndexIncrease
 .text.DisplayTask_DataLogIndexDecrease
                0x000055ac       0x74 Example THUMB Debug/DisplayTask.o
                0x000055ac                DisplayTask_DataLogIndexDecrease
 .text.DisplayTask
                0x00005620      0x200 Example THUMB Debug/DisplayTask.o
                0x00005620                DisplayTask
 .text.cmdTest  0x00005820       0x24 Example THUMB Debug/CommandHandlers.o
                0x00005820                cmdTest
 .text.cmdTask  0x00005844      0x150 Example THUMB Debug/CommandHandlers.o
                0x00005844                cmdTask
 .text.cmdButton
                0x00005994       0xe0 Example THUMB Debug/CommandHandlers.o
                0x00005994                cmdButton
 .text.cmdGPSData
                0x00005a74       0xb4 Example THUMB Debug/CommandHandlers.o
                0x00005a74                cmdGPSData
 .text.cmdFileDirectory
                0x00005b28       0x8c Example THUMB Debug/CommandHandlers.o
                0x00005b28                cmdFileDirectory
 .text.cmdBuildFileDirectory
                0x00005bb4       0x4c Example THUMB Debug/CommandHandlers.o
                0x00005bb4                cmdBuildFileDirectory
 .text.cmdFileFunctions
                0x00005c00      0x1b0 Example THUMB Debug/CommandHandlers.o
                0x00005c00                cmdFileFunctions
 .text.cmdAppendData
                0x00005db0      0x19c Example THUMB Debug/CommandHandlers.o
                0x00005db0                cmdAppendData
 .text.InitConsole
                0x00005f4c       0x30 Example THUMB Debug/console.o
                0x00005f4c                InitConsole
 .text.ConsolePrint
                0x00005f7c       0x50 Example THUMB Debug/console.o
                0x00005f7c                ConsolePrint
 .text.ParseArgs
                0x00005fcc       0xf0 Example THUMB Debug/console.o
                0x00005fcc                ParseArgs
 .text.ExecCmd  0x000060bc       0x98 Example THUMB Debug/console.o
                0x000060bc                ExecCmd
 .text.ParseCmd
                0x00006154       0x60 Example THUMB Debug/console.o
                0x00006154                ParseCmd
 .text.PrintHelp
                0x000061b4       0x78 Example THUMB Debug/console.o
                0x000061b4                PrintHelp
 .text.GPS_init
                0x0000622c        0xc Example THUMB Debug/gpsGP20U7.o
                0x0000622c                GPS_init
 .text.GPS_FIFO_Clear
                0x00006238      0x120 Example THUMB Debug/gpsGP20U7.o
                0x00006238                GPS_FIFO_Clear
 .text.GPS_FIFO_Add
                0x00006358      0x4f0 Example THUMB Debug/gpsGP20U7.o
                0x00006358                GPS_FIFO_Add
 .text.GPS_FIFO_PeekData
                0x00006848      0x134 Example THUMB Debug/gpsGP20U7.o
                0x00006848                GPS_FIFO_PeekData
 .text.LCD_Delay
                0x0000697c       0x24 Example THUMB Debug/lcd_driver.o
                0x0000697c                LCD_Delay
 .text.LCD_Init
                0x000069a0      0x1b4 Example THUMB Debug/lcd_driver.o
                0x000069a0                LCD_Init
 .text.LCD_Reset
                0x00006b54       0x28 Example THUMB Debug/lcd_driver.o
                0x00006b54                LCD_Reset
 .text.LCD_ChipSelect_Select
                0x00006b7c       0x14 Example THUMB Debug/lcd_driver.o
                0x00006b7c                LCD_ChipSelect_Select
 .text.LCD_ChipSelect_Deselect
                0x00006b90       0x14 Example THUMB Debug/lcd_driver.o
                0x00006b90                LCD_ChipSelect_Deselect
 .text.LCD_DataEnable
                0x00006ba4       0x14 Example THUMB Debug/lcd_driver.o
                0x00006ba4                LCD_DataEnable
 .text.LCD_WriteNoChipSelect
                0x00006bb8       0x48 Example THUMB Debug/lcd_driver.o
                0x00006bb8                LCD_WriteNoChipSelect
 .text.LCD_WriteData
                0x00006c00       0x6c Example THUMB Debug/lcd_driver.o
                0x00006c00                LCD_WriteData
 .text.LCD_WriteCommand
                0x00006c6c       0x6c Example THUMB Debug/lcd_driver.o
                0x00006c6c                LCD_WriteCommand
 .text.LCD_Write8
                0x00006cd8       0xb0 Example THUMB Debug/lcd_driver.o
                0x00006cd8                LCD_Write8
 .text.LCD_Write16
                0x00006d88       0xe4 Example THUMB Debug/lcd_driver.o
                0x00006d88                LCD_Write16
 .text.LCD_Write24
                0x00006e6c      0x120 Example THUMB Debug/lcd_driver.o
                0x00006e6c                LCD_Write24
 .text.LCD_Write32
                0x00006f8c      0x154 Example THUMB Debug/lcd_driver.o
                0x00006f8c                LCD_Write32
 .text.rgb2bgr  0x000070e0       0x48 Example THUMB Debug/lcd_driver.o
                0x000070e0                rgb2bgr
 .text.LCD_Clear
                0x00007128       0x94 Example THUMB Debug/lcd_driver.o
                0x00007128                LCD_Clear
 .text.LCD_DrawChar88XY
                0x000071bc      0x140 Example THUMB Debug/lcd_driver.o
                0x000071bc                LCD_DrawChar88XY
 .text.LCD_DrawChar1624XY
                0x000072fc      0x14c Example THUMB Debug/lcd_driver.o
                0x000072fc                LCD_DrawChar1624XY
 .text.LCD_DrawString88KernLength
                0x00007448       0x7c Example THUMB Debug/lcd_driver.o
                0x00007448                LCD_DrawString88KernLength
 .text.LCD_DrawString1624KernLength
                0x000074c4       0x7c Example THUMB Debug/lcd_driver.o
                0x000074c4                LCD_DrawString1624KernLength
 .text.disk_initialize
                0x00007540      0x1b4 Example THUMB Debug/diskio.o
                0x00007540                disk_initialize
 .text.disk_status
                0x000076f4       0x2c Example THUMB Debug/diskio.o
                0x000076f4                disk_status
 .text.disk_read
                0x00007720       0xcc Example THUMB Debug/diskio.o
                0x00007720                disk_read
 .text.disk_write
                0x000077ec       0xf8 Example THUMB Debug/diskio.o
                0x000077ec                disk_write
 .text.disk_ioctl
                0x000078e4      0x2c8 Example THUMB Debug/diskio.o
                0x000078e4                disk_ioctl
 .text.get_fattime
                0x00007bac       0x10 Example THUMB Debug/diskio.o
                0x00007bac                get_fattime
 .text.ld_word  0x00007bbc       0x30 Example THUMB Debug/ff.o
 .text.ld_dword
                0x00007bec       0x48 Example THUMB Debug/ff.o
 .text.st_word  0x00007c34       0x34 Example THUMB Debug/ff.o
 .text.st_dword
                0x00007c68       0x58 Example THUMB Debug/ff.o
 .text.mem_cpy  0x00007cc0       0x40 Example THUMB Debug/ff.o
 .text.mem_set  0x00007d00       0x34 Example THUMB Debug/ff.o
 .text.mem_cmp  0x00007d34       0x50 Example THUMB Debug/ff.o
 .text.chk_chr  0x00007d84       0x38 Example THUMB Debug/ff.o
 .text.dbc_1st  0x00007dbc       0x24 Example THUMB Debug/ff.o
 .text.dbc_2nd  0x00007de0       0x24 Example THUMB Debug/ff.o
 .text.sync_window
                0x00007e04       0x80 Example THUMB Debug/ff.o
 .text.move_window
                0x00007e84       0x5c Example THUMB Debug/ff.o
 .text.sync_fs  0x00007ee0       0xdc Example THUMB Debug/ff.o
 .text.clst2sect
                0x00007fbc       0x40 Example THUMB Debug/ff.o
 .text.get_fat  0x00007ffc      0x144 Example THUMB Debug/ff.o
 .text.put_fat  0x00008140      0x1c8 Example THUMB Debug/ff.o
 .text.remove_chain
                0x00008308       0xc8 Example THUMB Debug/ff.o
 .text.create_chain
                0x000083d0      0x1a4 Example THUMB Debug/ff.o
 .text.dir_clear
                0x00008574       0x94 Example THUMB Debug/ff.o
 .text.dir_sdi  0x00008608       0xf8 Example THUMB Debug/ff.o
 .text.dir_next
                0x00008700      0x128 Example THUMB Debug/ff.o
 .text.dir_alloc
                0x00008828       0x90 Example THUMB Debug/ff.o
 .text.ld_clust
                0x000088b8       0x40 Example THUMB Debug/ff.o
 .text.st_clust
                0x000088f8       0x40 Example THUMB Debug/ff.o
 .text.dir_read
                0x00008938       0xb4 Example THUMB Debug/ff.o
 .text.dir_find
                0x000089ec       0xa8 Example THUMB Debug/ff.o
 .text.dir_register
                0x00008a94       0x68 Example THUMB Debug/ff.o
 .text.dir_remove
                0x00008afc       0x3c Example THUMB Debug/ff.o
 .text.get_fileinfo
                0x00008b38       0xbc Example THUMB Debug/ff.o
 .text.create_name
                0x00008bf4      0x21c Example THUMB Debug/ff.o
 .text.follow_path
                0x00008e10      0x118 Example THUMB Debug/ff.o
 .text.get_ldnumber
                0x00008f28       0x90 Example THUMB Debug/ff.o
 .text.check_fs
                0x00008fb8       0xa8 Example THUMB Debug/ff.o
 .text.find_volume
                0x00009060      0x49c Example THUMB Debug/ff.o
 .text.validate
                0x000094fc       0x6c Example THUMB Debug/ff.o
 .text.f_mount  0x00009568       0x84 Example THUMB Debug/ff.o
                0x00009568                f_mount
 .text.f_open   0x000095ec      0x314 Example THUMB Debug/ff.o
                0x000095ec                f_open
 .text.f_read   0x00009900      0x274 Example THUMB Debug/ff.o
                0x00009900                f_read
 .text.f_write  0x00009b74      0x2d8 Example THUMB Debug/ff.o
                0x00009b74                f_write
 .text.f_sync   0x00009e4c      0x108 Example THUMB Debug/ff.o
                0x00009e4c                f_sync
 .text.f_close  0x00009f54       0x40 Example THUMB Debug/ff.o
                0x00009f54                f_close
 .text.f_opendir
                0x00009f94       0xb8 Example THUMB Debug/ff.o
                0x00009f94                f_opendir
 .text.f_readdir
                0x0000a04c       0x7c Example THUMB Debug/ff.o
                0x0000a04c                f_readdir
 .text.f_unlink
                0x0000a0c8      0x16c Example THUMB Debug/ff.o
                0x0000a0c8                f_unlink
 .text.SD_Init  0x0000a234       0x94 Example THUMB Debug/sdcard_driver.o
                0x0000a234                SD_Init
 .text.SD_BuildDirectory
                0x0000a2c8      0x28c Example THUMB Debug/sdcard_driver.o
                0x0000a2c8                SD_BuildDirectory
 .text.SD_ErrorHandler
                0x0000a554       0x30 Example THUMB Debug/sdcard_driver.o
                0x0000a554                SD_ErrorHandler
 .text.SD_GetStringFromFatCode
                0x0000a584      0x11c Example THUMB Debug/sdcard_driver.o
                0x0000a584                SD_GetStringFromFatCode
 .text.SD_CS_Assert
                0x0000a6a0       0x14 Example THUMB Debug/sdcard_driver.o
                0x0000a6a0                SD_CS_Assert
 .text.SD_CS_Deassart
                0x0000a6b4       0x14 Example THUMB Debug/sdcard_driver.o
                0x0000a6b4                SD_CS_Deassart
 .text.SPI_transmit
                0x0000a6c8       0x38 Example THUMB Debug/sdcard_driver.o
                0x0000a6c8                SPI_transmit
 .text.SPI_receive
                0x0000a700       0x38 Example THUMB Debug/sdcard_driver.o
                0x0000a700                SPI_receive
 .text.SD_GoIdleState
                0x0000a738       0xb0 Example THUMB Debug/sdcard_driver.o
                0x0000a738                SD_GoIdleState
 .text.SD_sendCommand
                0x0000a7e8      0x10c Example THUMB Debug/sdcard_driver.o
                0x0000a7e8                SD_sendCommand
 .text.CS_HIGH  0x0000a8f4       0x14 Example THUMB Debug/sdcard_driver.o
                0x0000a8f4                CS_HIGH
 .text.CS_LOW   0x0000a908       0x14 Example THUMB Debug/sdcard_driver.o
                0x0000a908                CS_LOW
 .text.deselect
                0x0000a91c       0x10 Example THUMB Debug/sdcard_driver.o
                0x0000a91c                deselect
 .text.select   0x0000a92c       0x2c Example THUMB Debug/sdcard_driver.o
                0x0000a92c                select
 .text.wait_ready
                0x0000a958       0x40 Example THUMB Debug/sdcard_driver.o
                0x0000a958                wait_ready
 .text.init_spi
                0x0000a998        0xc Example THUMB Debug/sdcard_driver.o
                0x0000a998                init_spi
 .text.FCLK_SLOW
                0x0000a9a4       0x10 Example THUMB Debug/sdcard_driver.o
                0x0000a9a4                FCLK_SLOW
 .text.FCLK_FAST
                0x0000a9b4       0x10 Example THUMB Debug/sdcard_driver.o
                0x0000a9b4                FCLK_FAST
 .text.xchg_spi
                0x0000a9c4       0x40 Example THUMB Debug/sdcard_driver.o
                0x0000a9c4                xchg_spi
 .text.send_cmd
                0x0000aa04       0xe0 Example THUMB Debug/sdcard_driver.o
                0x0000aa04                send_cmd
 .text.rcvr_spi_multi
                0x0000aae4       0x58 Example THUMB Debug/sdcard_driver.o
                0x0000aae4                rcvr_spi_multi
 .text.xmit_spi_multi
                0x0000ab3c       0x54 Example THUMB Debug/sdcard_driver.o
                0x0000ab3c                xmit_spi_multi
 .text.rcvr_datablock
                0x0000ab90       0x54 Example THUMB Debug/sdcard_driver.o
                0x0000ab90                rcvr_datablock
 .text.xmit_datablock
                0x0000abe4       0x64 Example THUMB Debug/sdcard_driver.o
                0x0000abe4                xmit_datablock
 .text.dec32    0x0000ac48       0x64 Example THUMB Debug/sdcard_driver.o
                0x0000ac48                dec32
 .text.SD_PrintFileToBuffer
                0x0000acac       0xe0 Example THUMB Debug/sdcard_driver.o
                0x0000acac                SD_PrintFileToBuffer
 .text.SD_AppendData
                0x0000ad8c      0x10c Example THUMB Debug/sdcard_driver.o
                0x0000ad8c                SD_AppendData
 .text.SD_FileDelete
                0x0000ae98       0x60 Example THUMB Debug/sdcard_driver.o
                0x0000ae98                SD_FileDelete
 .text.SD_FileCreate
                0x0000aef8       0x98 Example THUMB Debug/sdcard_driver.o
                0x0000aef8                SD_FileCreate
 .text.simplehsm_initialize
                0x0000af90       0x20 Example THUMB Debug/simplehsm.o
                0x0000af90                simplehsm_initialize
 .text._is_parent
                0x0000afb0       0x34 Example THUMB Debug/simplehsm.o
                0x0000afb0                _is_parent
 .text.simplehsm_transition_state
                0x0000afe4       0xb0 Example THUMB Debug/simplehsm.o
                0x0000afe4                simplehsm_transition_state
 .text.simplehsm_init_transition_state
                0x0000b094       0x40 Example THUMB Debug/simplehsm.o
                0x0000b094                simplehsm_init_transition_state
 .text.simplehsm_signal_current_state
                0x0000b0d4       0x40 Example THUMB Debug/simplehsm.o
                0x0000b0d4                simplehsm_signal_current_state
 .text.HSM_Menu_Init
                0x0000b114       0x4c Example THUMB Debug/HSM_Menu.o
                0x0000b114                HSM_Menu_Init
 .text.HSM_MenuItemIncrease
                0x0000b160       0x2c Example THUMB Debug/HSM_Menu.o
                0x0000b160                HSM_MenuItemIncrease
 .text.HSM_MenuItemDecrease
                0x0000b18c       0x2c Example THUMB Debug/HSM_Menu.o
                0x0000b18c                HSM_MenuItemDecrease
 .text.HSM_Menu_DisplayMenuItem
                0x0000b1b8       0xec Example THUMB Debug/HSM_Menu.o
                0x0000b1b8                HSM_Menu_DisplayMenuItem
 .text.MenuState_TopState
                0x0000b2a4       0x58 Example THUMB Debug/HSM_Menu.o
                0x0000b2a4                MenuState_TopState
 .text.MenuState_Off
                0x0000b2fc      0x118 Example THUMB Debug/HSM_Menu.o
                0x0000b2fc                MenuState_Off
 .text.MenuState_On
                0x0000b414      0x1c4 Example THUMB Debug/HSM_Menu.o
                0x0000b414                MenuState_On
 .text.MenuState_LogFile
                0x0000b5d8      0x1d4 Example THUMB Debug/HSM_Menu.o
                0x0000b5d8                MenuState_LogFile
 .text.libc.__int32_to_float64
                0x0000b7ac       0x30 C:/Program Files (x86)/Rowley Associates Limited/CrossWorks for ARM 3.6/lib/libm_v7em_t_le_eabi_small.a(libm_asm.o)
                0x0000b7ac                __aeabi_i2d
                0x0000b7ac                __int32_to_float64
                0x0000b7ac                __floatsidf
 .text.libc.__float32_to_int32
                0x0000b7dc       0x40 C:/Program Files (x86)/Rowley Associates Limited/CrossWorks for ARM 3.6/lib/libm_v7em_t_le_eabi_small.a(libm_asm.o)
                0x0000b7dc                __float32_to_int32
                0x0000b7dc                __aeabi_f2iz
                0x0000b7dc                __fixsfsi
 .text.libc.__float32_to_float64
                0x0000b81c       0x38 C:/Program Files (x86)/Rowley Associates Limited/CrossWorks for ARM 3.6/lib/libm_v7em_t_le_eabi_small.a(libm_asm.o)
                0x0000b81c                __float32_to_float64
                0x0000b81c                __aeabi_f2d
                0x0000b81c                __extendsfdf2
 .text.libc.__float64_to_float32
                0x0000b854       0x70 C:/Program Files (x86)/Rowley Associates Limited/CrossWorks for ARM 3.6/lib/libm_v7em_t_le_eabi_small.a(libm_asm.o)
                0x0000b854                __truncdfsf2
                0x0000b854                __float64_to_float32
                0x0000b854                __aeabi_d2f
 .text.libc.__float64_add
                0x0000b8c4      0x294 C:/Program Files (x86)/Rowley Associates Limited/CrossWorks for ARM 3.6/lib/libm_v7em_t_le_eabi_small.a(libm_asm.o)
                0x0000b8c4                __aeabi_drsub
                0x0000b8cc                __aeabi_dsub
                0x0000b8cc                __float64_sub
                0x0000b8cc                __subdf3
                0x0000b8d0                __aeabi_dadd
                0x0000b8d0                __float64_add
                0x0000b8d0                __adddf3
 .text.libc.__float64_mul
                0x0000bb58      0x16c C:/Program Files (x86)/Rowley Associates Limited/CrossWorks for ARM 3.6/lib/libm_v7em_t_le_eabi_small.a(libm_asm.o)
                0x0000bb58                __float64_mul
                0x0000bb58                __muldf3
                0x0000bb58                __aeabi_dmul
 .text.libc.__float64_div
                0x0000bcc4      0x214 C:/Program Files (x86)/Rowley Associates Limited/CrossWorks for ARM 3.6/lib/libm_v7em_t_le_eabi_small.a(libm_asm.o)
                0x0000bcc4                __divdf3
                0x0000bcc4                __float64_div
                0x0000bcc4                __aeabi_ddiv
 .text.libc.__int64_udivmod
                0x0000bed8       0x60 C:/Program Files (x86)/Rowley Associates Limited/CrossWorks for ARM 3.6/lib/libc_v7em_t_le_eabi_small.a(libc_asm.o)
                0x0000bed8                __aeabi_uldivmod
                0x0000bed8                __int64_udiv
                0x0000bed8                __udivdi3
                0x0000bed8                __int64_udivmod
 .text.libc.__aeabi_ldivmod
                0x0000bf38       0x58 C:/Program Files (x86)/Rowley Associates Limited/CrossWorks for ARM 3.6/lib/libc_v7em_t_le_eabi_small.a(libc_asm.o)
                0x0000bf38                __aeabi_ldivmod
 .text.libc.__RAL_ascii_isctype
                0x0000bf90       0x1c C:/Program Files (x86)/Rowley Associates Limited/CrossWorks for ARM 3.6/lib/libc_v7em_t_le_eabi_small.a(libc2.o)
 .text.libc.__RAL_ascii_toupper
                0x0000bfac        0xc C:/Program Files (x86)/Rowley Associates Limited/CrossWorks for ARM 3.6/lib/libc_v7em_t_le_eabi_small.a(libc2.o)
 .text.libc.__RAL_ascii_tolower
                0x0000bfb8        0xc C:/Program Files (x86)/Rowley Associates Limited/CrossWorks for ARM 3.6/lib/libc_v7em_t_le_eabi_small.a(libc2.o)
 .text.libc.__RAL_ascii_iswctype
                0x0000bfc4       0x1c C:/Program Files (x86)/Rowley Associates Limited/CrossWorks for ARM 3.6/lib/libc_v7em_t_le_eabi_small.a(libc2.o)
 .text.libc.__RAL_ascii_towupper
                0x0000bfe0        0xc C:/Program Files (x86)/Rowley Associates Limited/CrossWorks for ARM 3.6/lib/libc_v7em_t_le_eabi_small.a(libc2.o)
 .text.libc.__RAL_ascii_towlower
                0x0000bfec        0xc C:/Program Files (x86)/Rowley Associates Limited/CrossWorks for ARM 3.6/lib/libc_v7em_t_le_eabi_small.a(libc2.o)
 .text.libc.__RAL_ascii_wctomb
                0x0000bff8        0xe C:/Program Files (x86)/Rowley Associates Limited/CrossWorks for ARM 3.6/lib/libc_v7em_t_le_eabi_small.a(libc2.o)
                0x0000bff8                __RAL_ascii_wctomb
 .text.libc.__RAL_ascii_mbtowc
                0x0000c006       0x24 C:/Program Files (x86)/Rowley Associates Limited/CrossWorks for ARM 3.6/lib/libc_v7em_t_le_eabi_small.a(libc2.o)
                0x0000c006                __RAL_ascii_mbtowc
 .text.libc.__putc
                0x0000c02a       0x34 C:/Program Files (x86)/Rowley Associates Limited/CrossWorks for ARM 3.6/lib/libc_v7em_t_le_eabi_small.a(libc2.o)
                0x0000c02a                __putc
 .text.libc.__RAL_print_padding
                0x0000c05e       0x18 C:/Program Files (x86)/Rowley Associates Limited/CrossWorks for ARM 3.6/lib/libc_v7em_t_le_eabi_small.a(libc2.o)
                0x0000c05e                __RAL_print_padding
 .text.libc.__RAL_pre_padding
                0x0000c076       0x14 C:/Program Files (x86)/Rowley Associates Limited/CrossWorks for ARM 3.6/lib/libc_v7em_t_le_eabi_small.a(libc2.o)
                0x0000c076                __RAL_pre_padding
 *fill*         0x0000c08a        0x2 
 .text.libc.__RAL_isctype
                0x0000c08c       0x10 C:/Program Files (x86)/Rowley Associates Limited/CrossWorks for ARM 3.6/lib/libc_v7em_t_le_eabi_small.a(libc2.o)
                0x0000c08c                __RAL_isctype
 .text.libc.isupper
                0x0000c09c        0x6 C:/Program Files (x86)/Rowley Associates Limited/CrossWorks for ARM 3.6/lib/libc_v7em_t_le_eabi_small.a(libc2.o)
                0x0000c09c                isupper
 .text.libc.islower
                0x0000c0a2        0x6 C:/Program Files (x86)/Rowley Associates Limited/CrossWorks for ARM 3.6/lib/libc_v7em_t_le_eabi_small.a(libc2.o)
                0x0000c0a2                islower
 .text.libc.isdigit
                0x0000c0a8        0x6 C:/Program Files (x86)/Rowley Associates Limited/CrossWorks for ARM 3.6/lib/libc_v7em_t_le_eabi_small.a(libc2.o)
                0x0000c0a8                isdigit
 .text.libc.__digit
                0x0000c0ae       0x3c C:/Program Files (x86)/Rowley Associates Limited/CrossWorks for ARM 3.6/lib/libc_v7em_t_le_eabi_small.a(libc2.o)
                0x0000c0ae                __digit
 .text.libc.isspace
                0x0000c0ea        0x6 C:/Program Files (x86)/Rowley Associates Limited/CrossWorks for ARM 3.6/lib/libc_v7em_t_le_eabi_small.a(libc2.o)
                0x0000c0ea                isspace
 .text.libc.__strtoul
                0x0000c0f0       0xc8 C:/Program Files (x86)/Rowley Associates Limited/CrossWorks for ARM 3.6/lib/libc_v7em_t_le_eabi_small.a(libc2.o)
                0x0000c0f0                __strtoul
 .text.libc.printf
                0x0000c1b8       0x40 C:/Program Files (x86)/Rowley Associates Limited/CrossWorks for ARM 3.6/lib/libc_v7em_t_le_eabi_small.a(libc2.o)
                0x0000c1b8                printf
 .text.libc.sprintf
                0x0000c1f8       0x28 C:/Program Files (x86)/Rowley Associates Limited/CrossWorks for ARM 3.6/lib/libc_v7em_t_le_eabi_small.a(libc2.o)
                0x0000c1f8                sprintf
 .text.libc.strncpy
                0x0000c220       0x22 C:/Program Files (x86)/Rowley Associates Limited/CrossWorks for ARM 3.6/lib/libc_v7em_t_le_eabi_small.a(libc2.o)
                0x0000c220                strncpy
 .text.libc.strnlen
                0x0000c242       0x14 C:/Program Files (x86)/Rowley Associates Limited/CrossWorks for ARM 3.6/lib/libc_v7em_t_le_eabi_small.a(libc2.o)
                0x0000c242                strnlen
 *fill*         0x0000c256        0x2 
 .text.libc.strtol
                0x0000c258       0x80 C:/Program Files (x86)/Rowley Associates Limited/CrossWorks for ARM 3.6/lib/libc_v7em_t_le_eabi_small.a(libc2.o)
                0x0000c258                strtol
 .text.libc.atoi
                0x0000c2d8       0x20 C:/Program Files (x86)/Rowley Associates Limited/CrossWorks for ARM 3.6/lib/libc_v7em_t_le_eabi_small.a(libc2.o)
                0x0000c2d8                atoi
 .text.libc.atof
                0x0000c2f8      0x100 C:/Program Files (x86)/Rowley Associates Limited/CrossWorks for ARM 3.6/lib/libc_v7em_t_le_eabi_small.a(libc2.o)
                0x0000c2f8                atof
 .text.libc.vsprintf
                0x0000c3f8       0x1a C:/Program Files (x86)/Rowley Associates Limited/CrossWorks for ARM 3.6/lib/libc_v7em_t_le_eabi_small.a(libc2.o)
                0x0000c3f8                vsprintf
 *fill*         0x0000c412        0x2 
 .text.libc.memcpy
                0x0000c414       0x1c C:/Program Files (x86)/Rowley Associates Limited/CrossWorks for ARM 3.6/lib/libc_v7em_t_le_eabi_small.a(libc2_asm.o)
                0x0000c414                __aeabi_memcpy
                0x0000c414                __aeabi_memcpy4
                0x0000c414                __aeabi_memcpy8
                0x0000c414                memcpy
 .text.libc.memset
                0x0000c430       0x10 C:/Program Files (x86)/Rowley Associates Limited/CrossWorks for ARM 3.6/lib/libc_v7em_t_le_eabi_small.a(libc2_asm.o)
                0x0000c430                memset
 .text.libc.strcpy
                0x0000c440       0x10 C:/Program Files (x86)/Rowley Associates Limited/CrossWorks for ARM 3.6/lib/libc_v7em_t_le_eabi_small.a(libc2_asm.o)
                0x0000c440                strcpy
 .text.libc.strcmp
                0x0000c450       0x14 C:/Program Files (x86)/Rowley Associates Limited/CrossWorks for ARM 3.6/lib/libc_v7em_t_le_eabi_small.a(libc2_asm.o)
                0x0000c450                strcmp
 .text.libc.strlen
                0x0000c464       0x10 C:/Program Files (x86)/Rowley Associates Limited/CrossWorks for ARM 3.6/lib/libc_v7em_t_le_eabi_small.a(libc2_asm.o)
                0x0000c464                strlen
 .text.libc.__vfprintf_long
                0x0000c474      0x464 C:/Program Files (x86)/Rowley Associates Limited/CrossWorks for ARM 3.6/lib/libvfprintf_v7em_t_le_eabi_small.o
                0x0000c474                __vfprintf_long
                0x0000c8d8                __text_end__ = (__text_start__ + SIZEOF (.text))
                0x0000c410                __text_size__ = SIZEOF (.text)
                0x0000c8d8                __text_load_end__ = __text_end__

.vfp11_veneer   0x00000000        0x0
 .vfp11_veneer  0x00000000        0x0 linker stubs

.v4_bx          0x00000000        0x0
 .v4_bx         0x00000000        0x0 linker stubs

.iplt           0x00000000        0x0
 .iplt          0x00000000        0x0 Example THUMB Debug/main.o
                0x00000001                . = ASSERT (((__text_start__ == __text_end__) || ((__text_end__ >= __FLASH_segment_start__) && (__text_end__ <= __FLASH_segment_end__))), error: .text is too large to fit in FLASH memory segment)
                0x0000c8d8                __dtors_load_start__ = ALIGN (__text_end__, 0x4)

.dtors          0x0000c8d8        0x0
                0x0000c8d8                __dtors_start__ = .
 *(SORT(.dtors.*))
 *(.dtors)
 *(.fini_array)
 *(SORT(.fini_array.*))
                0x0000c8d8                __dtors_end__ = (__dtors_start__ + SIZEOF (.dtors))
                0x00000000                __dtors_size__ = SIZEOF (.dtors)
                0x0000c8d8                __dtors_load_end__ = __dtors_end__
                0x00000001                . = ASSERT (((__dtors_start__ == __dtors_end__) || ((__dtors_end__ >= __FLASH_segment_start__) && (__dtors_end__ <= __FLASH_segment_end__))), error: .dtors is too large to fit in FLASH memory segment)
                0x0000c8d8                __ctors_load_start__ = ALIGN (__dtors_end__, 0x4)

.ctors          0x0000c8d8        0x0
                0x0000c8d8                __ctors_start__ = .
 *(SORT(.ctors.*))
 *(.ctors)
 *(.init_array)
 *(SORT(.init_array.*))
                0x0000c8d8                __ctors_end__ = (__ctors_start__ + SIZEOF (.ctors))
                0x00000000                __ctors_size__ = SIZEOF (.ctors)
                0x0000c8d8                __ctors_load_end__ = __ctors_end__
                0x00000001                . = ASSERT (((__ctors_start__ == __ctors_end__) || ((__ctors_end__ >= __FLASH_segment_start__) && (__ctors_end__ <= __FLASH_segment_end__))), error: .ctors is too large to fit in FLASH memory segment)
                0x0000c8d8                __rodata_load_start__ = ALIGN (__ctors_end__, 0x4)

.rodata         0x0000c8d8     0x2f57
                0x0000c8d8                __rodata_start__ = .
 *(.rodata .rodata.* .gnu.linkonce.r.*)
 .rodata.g_ppui32GPIOIntMapBlizzard
                0x0000c8d8       0xc0 Example THUMB Debug/gpio.o
 .rodata.g_ppui32GPIOIntMapSnowflake
                0x0000c998       0xc0 Example THUMB Debug/gpio.o
 .rodata.g_pui32GPIOBaseAddrs
                0x0000ca58       0x90 Example THUMB Debug/gpio.o
 .rodata        0x0000cae8       0x5c Example THUMB Debug/gpio.o
 .rodata.g_pui32Regs
                0x0000cb44       0x9c Example THUMB Debug/interrupt.o
 .rodata.g_pui32EnRegs
                0x0000cbe0       0x14 Example THUMB Debug/interrupt.o
 .rodata        0x0000cbf4       0x61 Example THUMB Debug/interrupt.o
 *fill*         0x0000cc55        0x3 
 .rodata        0x0000cc58       0x5b Example THUMB Debug/ssi.o
 *fill*         0x0000ccb3        0x1 
 .rodata.g_pui32Xtals
                0x0000ccb4       0x6c Example THUMB Debug/sysctl.o
 .rodata        0x0000cd20       0x5e Example THUMB Debug/sysctl.o
 *fill*         0x0000cd7e        0x2 
 .rodata        0x0000cd80       0x5f Example THUMB Debug/systick.o
 *fill*         0x0000cddf        0x1 
 .rodata        0x0000cde0       0x5d Example THUMB Debug/timer.o
 *fill*         0x0000ce3d        0x3 
 .rodata        0x0000ce40       0x5c Example THUMB Debug/uart.o
 .rodata        0x0000ce9c        0x7 Example THUMB Debug/uart_driver.o
 *fill*         0x0000cea3        0x1 
 .rodata        0x0000cea4       0x30 Example THUMB Debug/tasks.o
 .rodata        0x0000ced4        0x4 Example THUMB Debug/LedTask.o
 .rodata        0x0000ced8        0x4 Example THUMB Debug/ComTask.o
 .rodata        0x0000cedc        0x7 Example THUMB Debug/ButtonTask.o
 *fill*         0x0000cee3        0x1 
 .rodata        0x0000cee4       0x86 Example THUMB Debug/DisplayTask.o
 *fill*         0x0000cf6a        0x2 
 .rodata        0x0000cf6c      0x414 Example THUMB Debug/CommandHandlers.o
 .rodata        0x0000d380       0x65 Example THUMB Debug/console.o
 *fill*         0x0000d3e5        0x3 
 .rodata        0x0000d3e8      0x126 Example THUMB Debug/ConsoleCommands.o
 *fill*         0x0000d50e        0x2 
 .rodata.font_table
                0x0000d510      0x300 Example THUMB Debug/font.o
                0x0000d510                font_table
 .rodata.font_table1624
                0x0000d810     0x11d0 Example THUMB Debug/font.o
                0x0000d810                font_table1624
 .rodata.offsetChar88
                0x0000e9e0       0x5f Example THUMB Debug/offset.o
                0x0000e9e0                offsetChar88
 *fill*         0x0000ea3f        0x1 
 .rodata.offsetChar1624
                0x0000ea40       0x5f Example THUMB Debug/offset.o
                0x0000ea40                offsetChar1624
 *fill*         0x0000ea9f        0x1 
 .rodata.ExCvt  0x0000eaa0       0x80 Example THUMB Debug/ff.o
 .rodata        0x0000eb20       0x50 Example THUMB Debug/ff.o
 .rodata        0x0000eb70      0x450 Example THUMB Debug/sdcard_driver.o
 .rodata        0x0000efc0       0xcb Example THUMB Debug/simplehsm.o
 *fill*         0x0000f08b        0x1 
 .rodata        0x0000f08c      0x47d Example THUMB Debug/HSM_Menu.o
 .rodata.libc.__RAL_c_locale_abbrev_month_names
                0x0000f509       0x31 C:/Program Files (x86)/Rowley Associates Limited/CrossWorks for ARM 3.6/lib/libc_v7em_t_le_eabi_small.a(libc2.o)
                0x0000f509                __RAL_c_locale_abbrev_month_names
 .rodata.libc.__RAL_data_utf8_period
                0x0000f53a        0x2 C:/Program Files (x86)/Rowley Associates Limited/CrossWorks for ARM 3.6/lib/libc_v7em_t_le_eabi_small.a(libc2.o)
                0x0000f53a                __RAL_data_utf8_period
 .rodata.libc.__RAL_hex_uc
                0x0000f53c       0x10 C:/Program Files (x86)/Rowley Associates Limited/CrossWorks for ARM 3.6/lib/libc_v7em_t_le_eabi_small.a(libc2.o)
                0x0000f53c                __RAL_hex_uc
 .rodata.libc.__RAL_data_empty_string
                0x0000f54c        0x1 C:/Program Files (x86)/Rowley Associates Limited/CrossWorks for ARM 3.6/lib/libc_v7em_t_le_eabi_small.a(libc2.o)
                0x0000f54c                __RAL_data_empty_string
 *fill*         0x0000f54d        0x3 
 .rodata.libc.__RAL_c_locale
                0x0000f550        0xc C:/Program Files (x86)/Rowley Associates Limited/CrossWorks for ARM 3.6/lib/libc_v7em_t_le_eabi_small.a(libc2.o)
                0x0000f550                __RAL_c_locale
 .rodata.libc.__RAL_ascii_ctype_mask
                0x0000f55c        0xd C:/Program Files (x86)/Rowley Associates Limited/CrossWorks for ARM 3.6/lib/libc_v7em_t_le_eabi_small.a(libc2.o)
 .rodata.libc.__RAL_c_locale_day_names
                0x0000f569       0x3a C:/Program Files (x86)/Rowley Associates Limited/CrossWorks for ARM 3.6/lib/libc_v7em_t_le_eabi_small.a(libc2.o)
                0x0000f569                __RAL_c_locale_day_names
 .rodata.libc.__RAL_c_locale_abbrev_day_names
                0x0000f5a3       0x1d C:/Program Files (x86)/Rowley Associates Limited/CrossWorks for ARM 3.6/lib/libc_v7em_t_le_eabi_small.a(libc2.o)
                0x0000f5a3                __RAL_c_locale_abbrev_day_names
 .rodata.libc.__RAL_c_locale_am_pm_indicator
                0x0000f5c0        0x7 C:/Program Files (x86)/Rowley Associates Limited/CrossWorks for ARM 3.6/lib/libc_v7em_t_le_eabi_small.a(libc2.o)
                0x0000f5c0                __RAL_c_locale_am_pm_indicator
 *fill*         0x0000f5c7        0x1 
 .rodata.libc.__RAL_c_locale_data
                0x0000f5c8       0x58 C:/Program Files (x86)/Rowley Associates Limited/CrossWorks for ARM 3.6/lib/libc_v7em_t_le_eabi_small.a(libc2.o)
                0x0000f5c8                __RAL_c_locale_data
 .rodata.libc.str1.1
                0x0000f620       0xc4 C:/Program Files (x86)/Rowley Associates Limited/CrossWorks for ARM 3.6/lib/libc_v7em_t_le_eabi_small.a(libc2.o)
                                 0xce (size before relaxing)
 .rodata.libc.__RAL_codeset_ascii
                0x0000f6e4       0x20 C:/Program Files (x86)/Rowley Associates Limited/CrossWorks for ARM 3.6/lib/libc_v7em_t_le_eabi_small.a(libc2.o)
                0x0000f6e4                __RAL_codeset_ascii
 .rodata.libc.__RAL_c_locale_month_names
                0x0000f704       0x57 C:/Program Files (x86)/Rowley Associates Limited/CrossWorks for ARM 3.6/lib/libc_v7em_t_le_eabi_small.a(libc2.o)
                0x0000f704                __RAL_c_locale_month_names
 .rodata.libc.__RAL_c_locale_date_time_format
                0x0000f75b        0xf C:/Program Files (x86)/Rowley Associates Limited/CrossWorks for ARM 3.6/lib/libc_v7em_t_le_eabi_small.a(libc2.o)
                0x0000f75b                __RAL_c_locale_date_time_format
 .rodata.libc.__RAL_hex_lc
                0x0000f76a       0x10 C:/Program Files (x86)/Rowley Associates Limited/CrossWorks for ARM 3.6/lib/libc_v7em_t_le_eabi_small.a(libc2.o)
                0x0000f76a                __RAL_hex_lc
 .rodata.libc.__RAL_c_locale_time_format
                0x0000f77a        0x9 C:/Program Files (x86)/Rowley Associates Limited/CrossWorks for ARM 3.6/lib/libc_v7em_t_le_eabi_small.a(libc2.o)
                0x0000f77a                __RAL_c_locale_time_format
 .rodata.libc.__RAL_c_locale_date_format
                0x0000f783        0x9 C:/Program Files (x86)/Rowley Associates Limited/CrossWorks for ARM 3.6/lib/libc_v7em_t_le_eabi_small.a(libc2.o)
                0x0000f783                __RAL_c_locale_date_format
 .rodata.libc.__RAL_ascii_ctype_map
                0x0000f78c       0x80 C:/Program Files (x86)/Rowley Associates Limited/CrossWorks for ARM 3.6/lib/libc_v7em_t_le_eabi_small.a(libc2.o)
                0x0000f78c                __RAL_ascii_ctype_map
 .rodata.libc.str1.1
                0x0000f80c       0x23 C:/Program Files (x86)/Rowley Associates Limited/CrossWorks for ARM 3.6/lib/libvfprintf_v7em_t_le_eabi_small.o
                0x0000f82f                __rodata_end__ = (__rodata_start__ + SIZEOF (.rodata))
                0x00002f57                __rodata_size__ = SIZEOF (.rodata)
                0x0000f82f                __rodata_load_end__ = __rodata_end__

.rel.dyn        0x00000000        0x0
 .rel.iplt      0x00000000        0x0 Example THUMB Debug/main.o
                0x00000001                . = ASSERT (((__rodata_start__ == __rodata_end__) || ((__rodata_end__ >= __FLASH_segment_start__) && (__rodata_end__ <= __FLASH_segment_end__))), error: .rodata is too large to fit in FLASH memory segment)
                0x0000f830                __ARM.exidx_load_start__ = ALIGN (__rodata_end__, 0x4)

.ARM.exidx      0x0000f830        0x0
                0x0000f830                __ARM.exidx_start__ = .
                0x0000f830                __exidx_start = __ARM.exidx_start__
 *(.ARM.exidx .ARM.exidx.*)
                0x0000f830                __ARM.exidx_end__ = (__ARM.exidx_start__ + SIZEOF (.ARM.exidx))
                0x00000000                __ARM.exidx_size__ = SIZEOF (.ARM.exidx)
                0x0000f830                __exidx_end = __ARM.exidx_end__
                0x0000f830                __ARM.exidx_load_end__ = __ARM.exidx_end__
                0x00000001                . = ASSERT (((__ARM.exidx_start__ == __ARM.exidx_end__) || ((__ARM.exidx_end__ >= __FLASH_segment_start__) && (__ARM.exidx_end__ <= __FLASH_segment_end__))), error: .ARM.exidx is too large to fit in FLASH memory segment)
                0x0000f830                __fast_load_start__ = ALIGN (__ARM.exidx_end__, 0x4)

.fast           0x20000000        0x0 load address 0x0000f830
                0x20000000                __fast_start__ = .
 *(.fast .fast.*)
                0x20000000                __fast_end__ = (__fast_start__ + SIZEOF (.fast))
                0x00000000                __fast_size__ = SIZEOF (.fast)
                0x0000f830                __fast_load_end__ = (__fast_load_start__ + SIZEOF (.fast))
                0x00000001                . = ASSERT (((__fast_load_start__ == __fast_load_end__) || ((__fast_load_end__ >= __FLASH_segment_start__) && (__fast_load_end__ <= __FLASH_segment_end__))), error: .fast is too large to fit in FLASH memory segment)

.fast_run       0x20000000        0x0
                0x20000000                __fast_run_start__ = .
                0x20000000                . = MAX ((__fast_run_start__ + SIZEOF (.fast)), .)
                0x20000000                __fast_run_end__ = (__fast_run_start__ + SIZEOF (.fast_run))
                0x00000000                __fast_run_size__ = SIZEOF (.fast_run)
                0x20000000                __fast_run_load_end__ = __fast_run_end__
                0x00000001                . = ASSERT (((__fast_run_start__ == __fast_run_end__) || ((__fast_run_end__ >= __SRAM_segment_start__) && (__fast_run_end__ <= __SRAM_segment_end__))), error: .fast_run is too large to fit in SRAM memory segment)
                0x0000f830                __data_load_start__ = ALIGN ((__fast_load_start__ + SIZEOF (.fast)), 0x4)

.data           0x20000000      0x308 load address 0x0000f830
                0x20000000                __data_start__ = .
 *(.data .data.* .gnu.linkonce.d.*)
 .data          0x20000000      0x26c Example THUMB Debug/interrupt.o
 .data.uart0activeRxBuffer
                0x2000026c        0x1 Example THUMB Debug/uart_driver.o
                0x2000026c                uart0activeRxBuffer
 .data.uart1activeRxBuffer
                0x2000026d        0x1 Example THUMB Debug/uart_driver.o
                0x2000026d                uart1activeRxBuffer
 *fill*         0x2000026e        0x2 
 .data.uxCriticalNesting
                0x20000270        0x4 Example THUMB Debug/port.o
 *fill*         0x20000274        0x4 
 .data.llTicksPerHundedthMillisecond
                0x20000278        0x8 Example THUMB Debug/RunTimeStats.o
                0x20000278                llTicksPerHundedthMillisecond
 .data.COMMAND_TABLE
                0x20000280       0x6c Example THUMB Debug/ConsoleCommands.o
                0x20000280                COMMAND_TABLE
 .data.CommandTable
                0x200002ec        0x4 Example THUMB Debug/ConsoleCommands.o
                0x200002ec                CommandTable
 .data.m_lcdFontColor
                0x200002f0        0x2 Example THUMB Debug/lcd_driver.o
                0x200002f0                m_lcdFontColor
 .data.Stat     0x200002f2        0x1 Example THUMB Debug/diskio.o
                0x200002f2                Stat
 *fill*         0x200002f3        0x1 
 .data.libc.__RAL_global_locale
                0x200002f4       0x14 C:/Program Files (x86)/Rowley Associates Limited/CrossWorks for ARM 3.6/lib/libc_v7em_t_le_eabi_small.a(libc2.o)
                0x200002f4                __RAL_global_locale
                0x20000308                __data_end__ = (__data_start__ + SIZEOF (.data))
                0x00000308                __data_size__ = SIZEOF (.data)
                0x0000fb38                __data_load_end__ = (__data_load_start__ + SIZEOF (.data))

.igot.plt       0x00000000        0x0
 .igot.plt      0x00000000        0x0 Example THUMB Debug/main.o
                0x00000001                . = ASSERT (((__data_load_start__ == __data_load_end__) || ((__data_load_end__ >= __FLASH_segment_start__) && (__data_load_end__ <= __FLASH_segment_end__))), error: .data is too large to fit in FLASH memory segment)

.data_run       0x20000000      0x308 load address 0x0000f830
                0x20000000                __data_run_start__ = .
                0x20000308                . = MAX ((__data_run_start__ + SIZEOF (.data)), .)
 *fill*         0x20000000      0x308 
                0x20000308                __data_run_end__ = (__data_run_start__ + SIZEOF (.data_run))
                0x00000308                __data_run_size__ = SIZEOF (.data_run)
                0x20000308                __data_run_load_end__ = __data_run_end__
                0x00000001                . = ASSERT (((__data_run_start__ == __data_run_end__) || ((__data_run_end__ >= __SRAM_segment_start__) && (__data_run_end__ <= __SRAM_segment_end__))), error: .data_run is too large to fit in SRAM memory segment)
                0x0000fb38                __tdata_load_start__ = ALIGN ((__data_load_start__ + SIZEOF (.data)), 0x4)

.tdata          0x20000308        0x0 load address 0x0000fb38
                0x20000308                __tdata_start__ = .
 *(.tdata .tdata.*)
                0x20000308                __tdata_end__ = (__tdata_start__ + SIZEOF (.tdata))
                0x00000000                __tdata_size__ = SIZEOF (.tdata)
                0x0000fb38                __tdata_load_end__ = (__tdata_load_start__ + SIZEOF (.tdata))
                0x0000fb38                __FLASH_segment_used_end__ = (ALIGN ((__data_load_start__ + SIZEOF (.data)), 0x4) + SIZEOF (.tdata))
                0x0000fb38                __FLASH_segment_used_size__ = (__FLASH_segment_used_end__ - __FLASH_segment_start__)
                0x00000001                . = ASSERT (((__tdata_load_start__ == __tdata_load_end__) || ((__tdata_load_end__ >= __FLASH_segment_start__) && (__tdata_load_end__ <= __FLASH_segment_end__))), error: .tdata is too large to fit in FLASH memory segment)

.tdata_run      0x20000308        0x0
                0x20000308                __tdata_run_start__ = .
                0x20000308                . = MAX ((__tdata_run_start__ + SIZEOF (.tdata)), .)
                0x20000308                __tdata_run_end__ = (__tdata_run_start__ + SIZEOF (.tdata_run))
                0x00000000                __tdata_run_size__ = SIZEOF (.tdata_run)
                0x20000308                __tdata_run_load_end__ = __tdata_run_end__
                0x00000001                . = ASSERT (((__tdata_run_start__ == __tdata_run_end__) || ((__tdata_run_end__ >= __SRAM_segment_start__) && (__tdata_run_end__ <= __SRAM_segment_end__))), error: .tdata_run is too large to fit in SRAM memory segment)
                0x20000308                __bss_load_start__ = ALIGN (__tdata_run_end__, 0x4)

.bss            0x20000308     0x3354
                0x20000308                __bss_start__ = .
 *(.bss .bss.* .gnu.linkonce.b.*)
 .bss.xHigherPriorityTaskWoken.6071
                0x20000308        0x4 Example THUMB Debug/gpio_driver.o
 .bss.xHigherPriorityTaskWoken.6076
                0x2000030c        0x4 Example THUMB Debug/gpio_driver.o
 .bss.uart0RxIndex
                0x20000310        0x4 Example THUMB Debug/uart_driver.o
                0x20000310                uart0RxIndex
 .bss.uart0rxBuffer1
                0x20000314       0x80 Example THUMB Debug/uart_driver.o
                0x20000314                uart0rxBuffer1
 .bss.uart0rxBuffer2
                0x20000394       0x80 Example THUMB Debug/uart_driver.o
                0x20000394                uart0rxBuffer2
 .bss.uart1RxIndex
                0x20000414        0x4 Example THUMB Debug/uart_driver.o
                0x20000414                uart1RxIndex
 .bss.uart1rxBuffer1
                0x20000418       0x80 Example THUMB Debug/uart_driver.o
                0x20000418                uart1rxBuffer1
 .bss.uart1rxBuffer2
                0x20000498       0x80 Example THUMB Debug/uart_driver.o
                0x20000498                uart1rxBuffer2
 .bss.mTimer1Value
                0x20000518        0x4 Example THUMB Debug/timer_driver.o
                0x20000518                mTimer1Value
 .bss.pxCurrentTCB
                0x2000051c        0x4 Example THUMB Debug/tasks.o
                0x2000051c                pxCurrentTCB
 .bss.pxReadyTasksLists
                0x20000520       0x64 Example THUMB Debug/tasks.o
 .bss.xDelayedTaskList1
                0x20000584       0x14 Example THUMB Debug/tasks.o
 .bss.xDelayedTaskList2
                0x20000598       0x14 Example THUMB Debug/tasks.o
 .bss.pxDelayedTaskList
                0x200005ac        0x4 Example THUMB Debug/tasks.o
 .bss.pxOverflowDelayedTaskList
                0x200005b0        0x4 Example THUMB Debug/tasks.o
 .bss.xPendingReadyList
                0x200005b4       0x14 Example THUMB Debug/tasks.o
 .bss.xTasksWaitingTermination
                0x200005c8       0x14 Example THUMB Debug/tasks.o
 .bss.uxDeletedTasksWaitingCleanUp
                0x200005dc        0x4 Example THUMB Debug/tasks.o
 .bss.xSuspendedTaskList
                0x200005e0       0x14 Example THUMB Debug/tasks.o
 .bss.uxCurrentNumberOfTasks
                0x200005f4        0x4 Example THUMB Debug/tasks.o
 .bss.xTickCount
                0x200005f8        0x4 Example THUMB Debug/tasks.o
 .bss.uxTopReadyPriority
                0x200005fc        0x4 Example THUMB Debug/tasks.o
 .bss.xSchedulerRunning
                0x20000600        0x4 Example THUMB Debug/tasks.o
 .bss.uxPendedTicks
                0x20000604        0x4 Example THUMB Debug/tasks.o
 .bss.xYieldPending
                0x20000608        0x4 Example THUMB Debug/tasks.o
 .bss.xNumOfOverflows
                0x2000060c        0x4 Example THUMB Debug/tasks.o
 .bss.uxTaskNumber
                0x20000610        0x4 Example THUMB Debug/tasks.o
 .bss.xNextTaskUnblockTime
                0x20000614        0x4 Example THUMB Debug/tasks.o
 .bss.xIdleTaskHandle
                0x20000618        0x4 Example THUMB Debug/tasks.o
 .bss.uxSchedulerSuspended
                0x2000061c        0x4 Example THUMB Debug/tasks.o
 .bss.ulTaskSwitchedInTime
                0x20000620        0x4 Example THUMB Debug/tasks.o
 .bss.ulTotalRunTime
                0x20000624        0x4 Example THUMB Debug/tasks.o
 .bss.ucHeap    0x20000628     0x1f40 Example THUMB Debug/heap_1.o
 .bss.xNextFreeByte
                0x20002568        0x4 Example THUMB Debug/heap_1.o
 .bss.pucAlignedHeap.4374
                0x2000256c        0x4 Example THUMB Debug/heap_1.o
 .bss.llInitialRunTimeCounterValue
                0x20002570        0x8 Example THUMB Debug/RunTimeStats.o
                0x20002570                llInitialRunTimeCounterValue
 .bss.LedQueue  0x20002578        0x4 Example THUMB Debug/LedTask.o
                0x20002578                LedQueue
 .bss.ComQueue  0x2000257c        0x4 Example THUMB Debug/ComTask.o
                0x2000257c                ComQueue
 .bss.comMessage
                0x20002580       0x44 Example THUMB Debug/ComTask.o
                0x20002580                comMessage
 .bss.comRxIndex
                0x200025c4        0x2 Example THUMB Debug/ComTask.o
                0x200025c4                comRxIndex
 *fill*         0x200025c6        0x2 
 .bss.ButtonQueue
                0x200025c8        0x4 Example THUMB Debug/ButtonTask.o
                0x200025c8                ButtonQueue
 .bss.mNumClicks_Up
                0x200025cc        0x2 Example THUMB Debug/ButtonTask.o
                0x200025cc                mNumClicks_Up
 .bss.mNumClicks_Down
                0x200025ce        0x2 Example THUMB Debug/ButtonTask.o
                0x200025ce                mNumClicks_Down
 .bss.mNumClicks_Left
                0x200025d0        0x2 Example THUMB Debug/ButtonTask.o
                0x200025d0                mNumClicks_Left
 .bss.mNumClicks_Right
                0x200025d2        0x2 Example THUMB Debug/ButtonTask.o
                0x200025d2                mNumClicks_Right
 .bss.mNumClicks_Select
                0x200025d4        0x2 Example THUMB Debug/ButtonTask.o
                0x200025d4                mNumClicks_Select
 .bss.mDisplayItem
                0x200025d6        0x1 Example THUMB Debug/DisplayTask.o
                0x200025d6                mDisplayItem
 .bss.mDataLogState
                0x200025d7        0x1 Example THUMB Debug/DisplayTask.o
                0x200025d7                mDataLogState
 .bss.mDataLogFileIndex
                0x200025d8        0x1 Example THUMB Debug/DisplayTask.o
                0x200025d8                mDataLogFileIndex
 *fill*         0x200025d9        0x3 
 .bss.mDataLogFileName
                0x200025dc       0x14 Example THUMB Debug/DisplayTask.o
                0x200025dc                mDataLogFileName
 .bss.counter   0x200025f0        0x4 Example THUMB Debug/DisplayTask.o
                0x200025f0                counter
 .bss.cmdBuffer
                0x200025f4       0x80 Example THUMB Debug/console.o
                0x200025f4                cmdBuffer
 .bss.cmdIndex  0x20002674        0x4 Example THUMB Debug/console.o
                0x20002674                cmdIndex
 .bss.outBuffer
                0x20002678      0x400 Example THUMB Debug/console.o
                0x20002678                outBuffer
 .bss.mPositionFIFO
                0x20002a78      0x160 Example THUMB Debug/gpsGP20U7.o
                0x20002a78                mPositionFIFO
 .bss.m_lcdBackColor
                0x20002bd8        0x2 Example THUMB Debug/lcd_driver.o
                0x20002bd8                m_lcdBackColor
 *fill*         0x20002bda        0x2 
 .bss.Timer1    0x20002bdc        0x4 Example THUMB Debug/diskio.o
                0x20002bdc                Timer1
 .bss.Timer2    0x20002be0        0x4 Example THUMB Debug/diskio.o
                0x20002be0                Timer2
 .bss.CardType  0x20002be4        0x1 Example THUMB Debug/diskio.o
                0x20002be4                CardType
 *fill*         0x20002be5        0x3 
 .bss.FatFs     0x20002be8        0x4 Example THUMB Debug/ff.o
 .bss.Fsid      0x20002bec        0x2 Example THUMB Debug/ff.o
 *fill*         0x20002bee        0x2 
 .bss.SD_readBuffer
                0x20002bf0      0x400 Example THUMB Debug/sdcard_driver.o
                0x20002bf0                SD_readBuffer
 .bss.SD_writeBuffer
                0x20002ff0      0x400 Example THUMB Debug/sdcard_driver.o
                0x20002ff0                SD_writeBuffer
 .bss.fs32      0x200033f0      0x234 Example THUMB Debug/sdcard_driver.o
                0x200033f0                fs32
 .bss.str.6260  0x20003624       0x10 Example THUMB Debug/sdcard_driver.o
 .bss.hsmMenu   0x20003634        0x8 Example THUMB Debug/HSM_Menu.o
                0x20003634                hsmMenu
 .bss.hsmMenuItem
                0x2000363c        0x1 Example THUMB Debug/HSM_Menu.o
                0x2000363c                hsmMenuItem
 .bss.displayItem
                0x2000363d        0x1 Example THUMB Debug/HSM_Menu.o
                0x2000363d                displayItem
 .bss.loggerState
                0x2000363e        0x1 Example THUMB Debug/HSM_Menu.o
                0x2000363e                loggerState
 *fill*         0x2000363f        0x1 
 .bss.fileNameBuffer
                0x20003640       0x14 Example THUMB Debug/HSM_Menu.o
                0x20003640                fileNameBuffer
 .bss.fileIndex
                0x20003654        0x1 Example THUMB Debug/HSM_Menu.o
                0x20003654                fileIndex
 *fill*         0x20003655        0x3 
 .bss.libc.__user_format_extender
                0x20003658        0x4 C:/Program Files (x86)/Rowley Associates Limited/CrossWorks for ARM 3.6/lib/libc_v7em_t_le_eabi_small.a(libc2.o)
                0x20003658                __user_format_extender
 *(COMMON)
                0x2000365c                __bss_end__ = (__bss_start__ + SIZEOF (.bss))
                0x00003354                __bss_size__ = SIZEOF (.bss)
                0x2000365c                __bss_load_end__ = __bss_end__
                0x00000001                . = ASSERT (((__bss_start__ == __bss_end__) || ((__bss_end__ >= __SRAM_segment_start__) && (__bss_end__ <= __SRAM_segment_end__))), error: .bss is too large to fit in SRAM memory segment)
                0x2000365c                __tbss_load_start__ = ALIGN (__bss_end__, 0x4)

.tbss           0x2000365c        0x4
                0x2000365c                __tbss_start__ = .
 *(.tbss .tbss.*)
 .tbss.errno_val
                0x2000365c        0x4 C:/Program Files (x86)/Rowley Associates Limited/CrossWorks for ARM 3.6/lib/libc_v7em_t_le_eabi_small.a(libc2.o)
                0x20003660                __tbss_end__ = (__tbss_start__ + SIZEOF (.tbss))
                0x00000004                __tbss_size__ = SIZEOF (.tbss)
                0x20003660                __tbss_load_end__ = __tbss_end__
                0x00000001                . = ASSERT (((__tbss_start__ == __tbss_end__) || ((__tbss_end__ >= __SRAM_segment_start__) && (__tbss_end__ <= __SRAM_segment_end__))), error: .tbss is too large to fit in SRAM memory segment)
                0x20003660                __non_init_load_start__ = ALIGN (__tbss_end__, 0x4)

.non_init       0x20003660        0x0
                0x20003660                __non_init_start__ = .
 *(.non_init .non_init.*)
                0x20003660                __non_init_end__ = (__non_init_start__ + SIZEOF (.non_init))
                0x00000000                __non_init_size__ = SIZEOF (.non_init)
                0x20003660                __non_init_load_end__ = __non_init_end__
                0x00000001                . = ASSERT (((__non_init_start__ == __non_init_end__) || ((__non_init_end__ >= __SRAM_segment_start__) && (__non_init_end__ <= __SRAM_segment_end__))), error: .non_init is too large to fit in SRAM memory segment)
                0x20003660                __heap_load_start__ = ALIGN (__non_init_end__, 0x4)

.heap           0x20003660        0x0
                0x20003660                __heap_start__ = .